Archive member included to satisfy reference by file (symbol)

C:/ST/STM32CubeCLT/GNU-tools-for-STM32/bin/../lib/gcc/arm-none-eabi/11.3.1/thumb/v7e-m+fp/hard\libgcc.a(_aeabi_uldivmod.o)
                              CMakeFiles/motor.elf.dir/Drivers/STM32F4xx_HAL_Driver/Src/stm32f4xx_hal_rcc.c.obj (__aeabi_uldivmod)
C:/ST/STM32CubeCLT/GNU-tools-for-STM32/bin/../lib/gcc/arm-none-eabi/11.3.1/thumb/v7e-m+fp/hard\libgcc.a(_udivmoddi4.o)
                              C:/ST/STM32CubeCLT/GNU-tools-for-STM32/bin/../lib/gcc/arm-none-eabi/11.3.1/thumb/v7e-m+fp/hard\libgcc.a(_aeabi_uldivmod.o) (__udivmoddi4)
C:/ST/STM32CubeCLT/GNU-tools-for-STM32/bin/../lib/gcc/arm-none-eabi/11.3.1/thumb/v7e-m+fp/hard\libgcc.a(_dvmd_tls.o)
                              C:/ST/STM32CubeCLT/GNU-tools-for-STM32/bin/../lib/gcc/arm-none-eabi/11.3.1/thumb/v7e-m+fp/hard\libgcc.a(_aeabi_uldivmod.o) (__aeabi_ldiv0)
C:/ST/STM32CubeCLT/GNU-tools-for-STM32/bin/../lib/gcc/arm-none-eabi/11.3.1/../../../../arm-none-eabi/lib/thumb/v7e-m+fp/hard\libg.a(libc_a-exit.o)
                              C:/ST/STM32CubeCLT/GNU-tools-for-STM32/bin/../lib/gcc/arm-none-eabi/11.3.1/../../../../arm-none-eabi/lib/thumb/v7e-m+fp/hard/crt0.o (exit)
C:/ST/STM32CubeCLT/GNU-tools-for-STM32/bin/../lib/gcc/arm-none-eabi/11.3.1/../../../../arm-none-eabi/lib/thumb/v7e-m+fp/hard\libg.a(libc_a-findfp.o)
                              C:/ST/STM32CubeCLT/GNU-tools-for-STM32/bin/../lib/gcc/arm-none-eabi/11.3.1/../../../../arm-none-eabi/lib/thumb/v7e-m+fp/hard\libg.a(libc_a-exit.o) (__stdio_exit_handler)
C:/ST/STM32CubeCLT/GNU-tools-for-STM32/bin/../lib/gcc/arm-none-eabi/11.3.1/../../../../arm-none-eabi/lib/thumb/v7e-m+fp/hard\libg.a(libc_a-fwalk.o)
                              C:/ST/STM32CubeCLT/GNU-tools-for-STM32/bin/../lib/gcc/arm-none-eabi/11.3.1/../../../../arm-none-eabi/lib/thumb/v7e-m+fp/hard\libg.a(libc_a-findfp.o) (_fwalk_sglue)
C:/ST/STM32CubeCLT/GNU-tools-for-STM32/bin/../lib/gcc/arm-none-eabi/11.3.1/../../../../arm-none-eabi/lib/thumb/v7e-m+fp/hard\libg.a(libc_a-stdio.o)
                              C:/ST/STM32CubeCLT/GNU-tools-for-STM32/bin/../lib/gcc/arm-none-eabi/11.3.1/../../../../arm-none-eabi/lib/thumb/v7e-m+fp/hard\libg.a(libc_a-findfp.o) (__sread)
C:/ST/STM32CubeCLT/GNU-tools-for-STM32/bin/../lib/gcc/arm-none-eabi/11.3.1/../../../../arm-none-eabi/lib/thumb/v7e-m+fp/hard\libg.a(libc_a-memset.o)
                              C:/ST/STM32CubeCLT/GNU-tools-for-STM32/bin/../lib/gcc/arm-none-eabi/11.3.1/../../../../arm-none-eabi/lib/thumb/v7e-m+fp/hard/crt0.o (memset)
C:/ST/STM32CubeCLT/GNU-tools-for-STM32/bin/../lib/gcc/arm-none-eabi/11.3.1/../../../../arm-none-eabi/lib/thumb/v7e-m+fp/hard\libg.a(libc_a-closer.o)
                              C:/ST/STM32CubeCLT/GNU-tools-for-STM32/bin/../lib/gcc/arm-none-eabi/11.3.1/../../../../arm-none-eabi/lib/thumb/v7e-m+fp/hard\libg.a(libc_a-stdio.o) (_close_r)
C:/ST/STM32CubeCLT/GNU-tools-for-STM32/bin/../lib/gcc/arm-none-eabi/11.3.1/../../../../arm-none-eabi/lib/thumb/v7e-m+fp/hard\libg.a(libc_a-reent.o)
                              C:/ST/STM32CubeCLT/GNU-tools-for-STM32/bin/../lib/gcc/arm-none-eabi/11.3.1/../../../../arm-none-eabi/lib/thumb/v7e-m+fp/hard\libg.a(libc_a-closer.o) (errno)
C:/ST/STM32CubeCLT/GNU-tools-for-STM32/bin/../lib/gcc/arm-none-eabi/11.3.1/../../../../arm-none-eabi/lib/thumb/v7e-m+fp/hard\libg.a(libc_a-impure.o)
                              C:/ST/STM32CubeCLT/GNU-tools-for-STM32/bin/../lib/gcc/arm-none-eabi/11.3.1/../../../../arm-none-eabi/lib/thumb/v7e-m+fp/hard\libg.a(libc_a-reent.o) (_impure_ptr)
C:/ST/STM32CubeCLT/GNU-tools-for-STM32/bin/../lib/gcc/arm-none-eabi/11.3.1/../../../../arm-none-eabi/lib/thumb/v7e-m+fp/hard\libg.a(libc_a-lseekr.o)
                              C:/ST/STM32CubeCLT/GNU-tools-for-STM32/bin/../lib/gcc/arm-none-eabi/11.3.1/../../../../arm-none-eabi/lib/thumb/v7e-m+fp/hard\libg.a(libc_a-stdio.o) (_lseek_r)
C:/ST/STM32CubeCLT/GNU-tools-for-STM32/bin/../lib/gcc/arm-none-eabi/11.3.1/../../../../arm-none-eabi/lib/thumb/v7e-m+fp/hard\libg.a(libc_a-readr.o)
                              C:/ST/STM32CubeCLT/GNU-tools-for-STM32/bin/../lib/gcc/arm-none-eabi/11.3.1/../../../../arm-none-eabi/lib/thumb/v7e-m+fp/hard\libg.a(libc_a-stdio.o) (_read_r)
C:/ST/STM32CubeCLT/GNU-tools-for-STM32/bin/../lib/gcc/arm-none-eabi/11.3.1/../../../../arm-none-eabi/lib/thumb/v7e-m+fp/hard\libg.a(libc_a-writer.o)
                              C:/ST/STM32CubeCLT/GNU-tools-for-STM32/bin/../lib/gcc/arm-none-eabi/11.3.1/../../../../arm-none-eabi/lib/thumb/v7e-m+fp/hard\libg.a(libc_a-stdio.o) (_write_r)
C:/ST/STM32CubeCLT/GNU-tools-for-STM32/bin/../lib/gcc/arm-none-eabi/11.3.1/../../../../arm-none-eabi/lib/thumb/v7e-m+fp/hard\libg.a(libc_a-errno.o)
                              CMakeFiles/motor.elf.dir/Core/Src/syscalls.c.obj (__errno)
C:/ST/STM32CubeCLT/GNU-tools-for-STM32/bin/../lib/gcc/arm-none-eabi/11.3.1/../../../../arm-none-eabi/lib/thumb/v7e-m+fp/hard\libg.a(libc_a-init.o)
[...]
Memory Configuration

Name             Origin             Length             Attributes
CCMRAM           0x0000000010000000 0x0000000000010000 xrw
RAM              0x0000000020000000 0x0000000000020000 xrw
FLASH            0x0000000008000000 0x0000000000100000 xr
*default*        0x0000000000000000 0xffffffffffffffff

Linker script and memory map

LOAD C:/ST/STM32CubeCLT/GNU-tools-for-STM32/bin/../lib/gcc/arm-none-eabi/11.3.1/thumb/v7e-m+fp/hard/crti.o
LOAD C:/ST/STM32CubeCLT/GNU-tools-for-STM32/bin/../lib/gcc/arm-none-eabi/11.3.1/thumb/v7e-m+fp/hard/crtbegin.o
LOAD C:/ST/STM32CubeCLT/GNU-tools-for-STM32/bin/../lib/gcc/arm-none-eabi/11.3.1/../../../../arm-none-eabi/lib/thumb/v7e-m+fp/hard/crt0.o
LOAD CMakeFiles/motor.elf.dir/Core/Src/can.c.obj
LOAD CMakeFiles/motor.elf.dir/Core/Src/freertos.c.obj
LOAD CMakeFiles/motor.elf.dir/Core/Src/gpio.c.obj
LOAD CMakeFiles/motor.elf.dir/Core/Src/main.c.obj
LOAD CMakeFiles/motor.elf.dir/Core/Src/stm32f4xx_hal_msp.c.obj
LOAD CMakeFiles/motor.elf.dir/Core/Src/stm32f4xx_hal_timebase_tim.c.obj
LOAD CMakeFiles/motor.elf.dir/Core/Src/stm32f4xx_it.c.obj
LOAD CMakeFiles/motor.elf.dir/Core/Src/syscalls.c.obj
LOAD CMakeFiles/motor.elf.dir/Core/Src/sysmem.c.obj
LOAD CMakeFiles/motor.elf.dir/Core/Src/system_stm32f4xx.c.obj
LOAD CMakeFiles/motor.elf.dir/Core/Startup/startup_stm32f407ighx.s.obj
LOAD CMakeFiles/motor.elf.dir/Drivers/STM32F4xx_HAL_Driver/Src/stm32f4xx_hal.c.obj
LOAD CMakeFiles/motor.elf.dir/Drivers/STM32F4xx_HAL_Driver/Src/stm32f4xx_hal_can.c.obj
LOAD CMakeFiles/motor.elf.dir/Drivers/STM32F4xx_HAL_Driver/Src/stm32f4xx_hal_cortex.c.obj
LOAD CMakeFiles/motor.elf.dir/Drivers/STM32F4xx_HAL_Driver/Src/stm32f4xx_hal_dma.c.obj
LOAD CMakeFiles/motor.elf.dir/Drivers/STM32F4xx_HAL_Driver/Src/stm32f4xx_hal_dma_ex.c.obj
LOAD CMakeFiles/motor.elf.dir/Drivers/STM32F4xx_HAL_Driver/Src/stm32f4xx_hal_exti.c.obj
LOAD CMakeFiles/motor.elf.dir/Drivers/STM32F4xx_HAL_Driver/Src/stm32f4xx_hal_flash.c.obj
LOAD CMakeFiles/motor.elf.dir/Drivers/STM32F4xx_HAL_Driver/Src/stm32f4xx_hal_flash_ex.c.obj
LOAD CMakeFiles/motor.elf.dir/Drivers/STM32F4xx_HAL_Driver/Src/stm32f4xx_hal_flash_ramfunc.c.obj
LOAD CMakeFiles/motor.elf.dir/Drivers/STM32F4xx_HAL_Driver/Src/stm32f4xx_hal_gpio.c.obj
LOAD CMakeFiles/motor.elf.dir/Drivers/STM32F4xx_HAL_Driver/Src/stm32f4xx_hal_pwr.c.obj
LOAD CMakeFiles/motor.elf.dir/Drivers/STM32F4xx_HAL_Driver/Src/stm32f4xx_hal_pwr_ex.c.obj
LOAD CMakeFiles/motor.elf.dir/Drivers/STM32F4xx_HAL_Driver/Src/stm32f4xx_hal_rcc.c.obj
LOAD CMakeFiles/motor.elf.dir/Drivers/STM32F4xx_HAL_Driver/Src/stm32f4xx_hal_rcc_ex.c.obj
LOAD CMakeFiles/motor.elf.dir/Drivers/STM32F4xx_HAL_Driver/Src/stm32f4xx_hal_tim.c.obj
LOAD CMakeFiles/motor.elf.dir/Drivers/STM32F4xx_HAL_Driver/Src/stm32f4xx_hal_tim_ex.c.obj
LOAD CMakeFiles/motor.elf.dir/Middlewares/Third_Party/FreeRTOS/Source/CMSIS_RTOS/cmsis_os.c.obj
LOAD CMakeFiles/motor.elf.dir/Middlewares/Third_Party/FreeRTOS/Source/croutine.c.obj
LOAD CMakeFiles/motor.elf.dir/Middlewares/Third_Party/FreeRTOS/Source/event_groups.c.obj
LOAD CMakeFiles/motor.elf.dir/Middlewares/Third_Party/FreeRTOS/Source/list.c.obj
LOAD CMakeFiles/motor.elf.dir/Middlewares/Third_Party/FreeRTOS/Source/portable/GCC/ARM_CM4F/port.c.obj
LOAD CMakeFiles/motor.elf.dir/Middlewares/Third_Party/FreeRTOS/Source/portable/MemMang/heap_4.c.obj
LOAD CMakeFiles/motor.elf.dir/Middlewares/Third_Party/FreeRTOS/Source/queue.c.obj
LOAD CMakeFiles/motor.elf.dir/Middlewares/Third_Party/FreeRTOS/Source/stream_buffer.c.obj
LOAD CMakeFiles/motor.elf.dir/Middlewares/Third_Party/FreeRTOS/Source/tasks.c.obj
LOAD CMakeFiles/motor.elf.dir/Middlewares/Third_Party/FreeRTOS/Source/timers.c.obj
START GROUP
LOAD C:/ST/STM32CubeCLT/GNU-tools-for-STM32/bin/../lib/gcc/arm-none-eabi/11.3.1/thumb/v7e-m+fp/hard\libgcc.a
LOAD C:/ST/STM32CubeCLT/GNU-tools-for-STM32/bin/../lib/gcc/arm-none-eabi/11.3.1/../../../../arm-none-eabi/lib/thumb/v7e-m+fp/hard\libg.a
LOAD C:/ST/STM32CubeCLT/GNU-tools-for-STM32/bin/../lib/gcc/arm-none-eabi/11.3.1/../../../../arm-none-eabi/lib/thumb/v7e-m+fp/hard\libc.a
END GROUP
LOAD C:/ST/STM32CubeCLT/GNU-tools-for-STM32/bin/../lib/gcc/arm-none-eabi/11.3.1/thumb/v7e-m+fp/hard/crtend.o
LOAD C:/ST/STM32CubeCLT/GNU-tools-for-STM32/bin/../lib/gcc/arm-none-eabi/11.3.1/thumb/v7e-m+fp/hard/crtn.o
                0x0000000020020000                _estack = (ORIGIN (RAM) + LENGTH (RAM))
                0x0000000000000200                _Min_Heap_Size = 0x200
                0x0000000000000400                _Min_Stack_Size = 0x400

.isr_vector     0x0000000008000000      0x188
                0x0000000008000000                . = ALIGN (0x4)
 *(.isr_vector)
 .isr_vector    0x0000000008000000      0x188 CMakeFiles/motor.elf.dir/Core/Startup/startup_stm32f407ighx.s.obj
                0x0000000008000000                g_pfnVectors
                0x0000000008000188                . = ALIGN (0x4)

.text           0x0000000008000190     0x2318
                0x0000000008000190                . = ALIGN (0x4)
 *(.text)
 .text          0x0000000008000190       0x40 C:/ST/STM32CubeCLT/GNU-tools-for-STM32/bin/../lib/gcc/arm-none-eabi/11.3.1/thumb/v7e-m+fp/hard/crtbegin.o
 .text          0x00000000080001d0       0x30 C:/ST/STM32CubeCLT/GNU-tools-for-STM32/bin/../lib/gcc/arm-none-eabi/11.3.1/thumb/v7e-m+fp/hard\libgcc.a(_aeabi_uldivmod.o)
                0x00000000080001d0                __aeabi_uldivmod
 .text          0x0000000008000200      0x2c8 C:/ST/STM32CubeCLT/GNU-tools-for-STM32/bin/../lib/gcc/arm-none-eabi/11.3.1/thumb/v7e-m+fp/hard\libgcc.a(_udivmoddi4.o)
                0x0000000008000200                __udivmoddi4
 .text          0x00000000080004c8        0x4 C:/ST/STM32CubeCLT/GNU-tools-for-STM32/bin/../lib/gcc/arm-none-eabi/11.3.1/thumb/v7e-m+fp/hard\libgcc.a(_dvmd_tls.o)
                0x00000000080004c8                __aeabi_idiv0
                0x00000000080004c8                __aeabi_ldiv0
 *(.text*)
 .text.MX_CAN1_Init
                0x00000000080004cc       0x40 CMakeFiles/motor.elf.dir/Core/Src/can.c.obj
                0x00000000080004cc                MX_CAN1_Init
 .text.HAL_CAN_MspInit
                0x000000000800050c       0x6c CMakeFiles/motor.elf.dir/Core/Src/can.c.obj
                0x000000000800050c                HAL_CAN_MspInit
 .text.StartDefaultTask
                0x0000000008000578        0xa CMakeFiles/motor.elf.dir/Core/Src/freertos.c.obj
                0x0000000008000578                StartDefaultTask
 .text.StartMotorTask
                0x0000000008000582        0xa CMakeFiles/motor.elf.dir/Core/Src/freertos.c.obj
                0x0000000008000582                StartMotorTask
 .text.vApplicationGetIdleTaskMemory
                0x000000000800058c       0x18 CMakeFiles/motor.elf.dir/Core/Src/freertos.c.obj
                0x000000000800058c                vApplicationGetIdleTaskMemory
 .text.MX_FREERTOS_Init
                0x00000000080005a4       0x5c CMakeFiles/motor.elf.dir/Core/Src/freertos.c.obj
                0x00000000080005a4                MX_FREERTOS_Init
 .text.MX_GPIO_Init
                0x0000000008000600       0x4c CMakeFiles/motor.elf.dir/Core/Src/gpio.c.obj
                0x0000000008000600                MX_GPIO_Init
 .text.HAL_TIM_PeriodElapsedCallback
                0x000000000800064c       0x12 CMakeFiles/motor.elf.dir/Core/Src/main.c.obj
                0x000000000800064c                HAL_TIM_PeriodElapsedCallback
 .text.Error_Handler
                0x000000000800065e        0x4 CMakeFiles/motor.elf.dir/Core/Src/main.c.obj
                0x000000000800065e                Error_Handler
 *fill*         0x0000000008000662        0x2 
 .text.SystemClock_Config
                0x0000000008000664       0xa8 CMakeFiles/motor.elf.dir/Core/Src/main.c.obj
                0x0000000008000664                SystemClock_Config
 .text.main     0x000000000800070c       0x1c CMakeFiles/motor.elf.dir/Core/Src/main.c.obj
                0x000000000800070c                main
 .text.HAL_MspInit
                0x0000000008000728       0x44 CMakeFiles/motor.elf.dir/Core/Src/stm32f4xx_hal_msp.c.obj
                0x0000000008000728                HAL_MspInit
 .text.HAL_InitTick
                0x000000000800076c       0x78 CMakeFiles/motor.elf.dir/Core/Src/stm32f4xx_hal_timebase_tim.c.obj
                0x000000000800076c                HAL_InitTick
 .text.NMI_Handler
                0x00000000080007e4        0x2 CMakeFiles/motor.elf.dir/Core/Src/stm32f4xx_it.c.obj
                0x00000000080007e4                NMI_Handler
 .text.HardFault_Handler
                0x00000000080007e6        0x2 CMakeFiles/motor.elf.dir/Core/Src/stm32f4xx_it.c.obj
                0x00000000080007e6                HardFault_Handler
 .text.MemManage_Handler
                0x00000000080007e8        0x2 CMakeFiles/motor.elf.dir/Core/Src/stm32f4xx_it.c.obj
                0x00000000080007e8                MemManage_Handler
 .text.BusFault_Handler
                0x00000000080007ea        0x2 CMakeFiles/motor.elf.dir/Core/Src/stm32f4xx_it.c.obj
                0x00000000080007ea                BusFault_Handler
 .text.UsageFault_Handler
                0x00000000080007ec        0x2 CMakeFiles/motor.elf.dir/Core/Src/stm32f4xx_it.c.obj
                0x00000000080007ec                UsageFault_Handler
 .text.DebugMon_Handler
                0x00000000080007ee        0x2 CMakeFiles/motor.elf.dir/Core/Src/stm32f4xx_it.c.obj
                0x00000000080007ee                DebugMon_Handler
 .text.TIM2_IRQHandler
                0x00000000080007f0       0x10 CMakeFiles/motor.elf.dir/Core/Src/stm32f4xx_it.c.obj
                0x00000000080007f0                TIM2_IRQHandler
 .text.SystemInit
                0x0000000008000800       0x1c CMakeFiles/motor.elf.dir/Core/Src/system_stm32f4xx.c.obj
                0x0000000008000800                SystemInit
 .text.Reset_Handler
                0x000000000800081c       0x50 CMakeFiles/motor.elf.dir/Core/Startup/startup_stm32f407ighx.s.obj
                0x000000000800081c                Reset_Handler
 .text.Default_Handler
                0x000000000800086c        0x2 CMakeFiles/motor.elf.dir/Core/Startup/startup_stm32f407ighx.s.obj
                0x000000000800086c                RTC_Alarm_IRQHandler
                0x000000000800086c                HASH_RNG_IRQHandler
                0x000000000800086c                EXTI2_IRQHandler
                0x000000000800086c                TIM8_CC_IRQHandler
                0x000000000800086c                TIM1_CC_IRQHandler
                0x000000000800086c                DMA2_Stream5_IRQHandler
                0x000000000800086c                DMA1_Stream5_IRQHandler
                0x000000000800086c                PVD_IRQHandler
                0x000000000800086c                SDIO_IRQHandler
                0x000000000800086c                TAMP_STAMP_IRQHandler
                0x000000000800086c                CAN2_RX1_IRQHandler
                0x000000000800086c                EXTI3_IRQHandler
                0x000000000800086c                TIM8_TRG_COM_TIM14_IRQHandler
                0x000000000800086c                TIM1_UP_TIM10_IRQHandler
                0x000000000800086c                TIM8_UP_TIM13_IRQHandler
                0x000000000800086c                I2C3_ER_IRQHandler
                0x000000000800086c                EXTI0_IRQHandler
                0x000000000800086c                I2C2_EV_IRQHandler
                0x000000000800086c                DMA1_Stream2_IRQHandler
                0x000000000800086c                CAN1_RX0_IRQHandler
                0x000000000800086c                FPU_IRQHandler
                0x000000000800086c                OTG_HS_WKUP_IRQHandler
                0x000000000800086c                CAN2_SCE_IRQHandler
                0x000000000800086c                DMA2_Stream2_IRQHandler
                0x000000000800086c                SPI1_IRQHandler
                0x000000000800086c                TIM6_DAC_IRQHandler
                0x000000000800086c                TIM1_BRK_TIM9_IRQHandler
                0x000000000800086c                DCMI_IRQHandler
                0x000000000800086c                CAN2_RX0_IRQHandler
                0x000000000800086c                DMA2_Stream3_IRQHandler
                0x000000000800086c                USART6_IRQHandler
                0x000000000800086c                USART3_IRQHandler
                0x000000000800086c                CAN1_RX1_IRQHandler
                0x000000000800086c                UART5_IRQHandler
                0x000000000800086c                DMA2_Stream0_IRQHandler
                0x000000000800086c                TIM4_IRQHandler
                0x000000000800086c                I2C1_EV_IRQHandler
                0x000000000800086c                DMA1_Stream6_IRQHandler
                0x000000000800086c                DMA1_Stream1_IRQHandler
                0x000000000800086c                UART4_IRQHandler
                0x000000000800086c                TIM3_IRQHandler
                0x000000000800086c                RCC_IRQHandler
                0x000000000800086c                TIM8_BRK_TIM12_IRQHandler
                0x000000000800086c                Default_Handler
                0x000000000800086c                EXTI15_10_IRQHandler
                0x000000000800086c                ADC_IRQHandler
                0x000000000800086c                DMA1_Stream7_IRQHandler
                0x000000000800086c                TIM7_IRQHandler
                0x000000000800086c                CAN2_TX_IRQHandler
                0x000000000800086c                TIM5_IRQHandler
                0x000000000800086c                DMA2_Stream7_IRQHandler
                0x000000000800086c                I2C3_EV_IRQHandler
                0x000000000800086c                EXTI9_5_IRQHandler
                0x000000000800086c                RTC_WKUP_IRQHandler
                0x000000000800086c                ETH_WKUP_IRQHandler
                0x000000000800086c                SPI2_IRQHandler
                0x000000000800086c                OTG_HS_EP1_IN_IRQHandler
                0x000000000800086c                DMA1_Stream0_IRQHandler
                0x000000000800086c                CAN1_TX_IRQHandler
                0x000000000800086c                EXTI4_IRQHandler
                0x000000000800086c                FSMC_IRQHandler
                0x000000000800086c                ETH_IRQHandler
                0x000000000800086c                OTG_HS_EP1_OUT_IRQHandler
                0x000000000800086c                WWDG_IRQHandler
                0x000000000800086c                OTG_FS_WKUP_IRQHandler
                0x000000000800086c                TIM1_TRG_COM_TIM11_IRQHandler
                0x000000000800086c                OTG_HS_IRQHandler
                0x000000000800086c                EXTI1_IRQHandler
                0x000000000800086c                USART2_IRQHandler
                0x000000000800086c                I2C2_ER_IRQHandler
                0x000000000800086c                DMA2_Stream1_IRQHandler
                0x000000000800086c                CAN1_SCE_IRQHandler
                0x000000000800086c                FLASH_IRQHandler
                0x000000000800086c                DMA2_Stream4_IRQHandler
                0x000000000800086c                USART1_IRQHandler
                0x000000000800086c                OTG_FS_IRQHandler
                0x000000000800086c                SPI3_IRQHandler
                0x000000000800086c                DMA1_Stream4_IRQHandler
                0x000000000800086c                I2C1_ER_IRQHandler
                0x000000000800086c                DMA2_Stream6_IRQHandler
                0x000000000800086c                DMA1_Stream3_IRQHandler
 *fill*         0x000000000800086e        0x2 
 .text.HAL_Init
                0x0000000008000870       0x34 CMakeFiles/motor.elf.dir/Drivers/STM32F4xx_HAL_Driver/Src/stm32f4xx_hal.c.obj
                0x0000000008000870                HAL_Init
 .text.HAL_IncTick
                0x00000000080008a4       0x18 CMakeFiles/motor.elf.dir/Drivers/STM32F4xx_HAL_Driver/Src/stm32f4xx_hal.c.obj
                0x00000000080008a4                HAL_IncTick
 .text.HAL_GetTick
                0x00000000080008bc        0xc CMakeFiles/motor.elf.dir/Drivers/STM32F4xx_HAL_Driver/Src/stm32f4xx_hal.c.obj
                0x00000000080008bc                HAL_GetTick
 .text.HAL_CAN_Init
                0x00000000080008c8      0x14c CMakeFiles/motor.elf.dir/Drivers/STM32F4xx_HAL_Driver/Src/stm32f4xx_hal_can.c.obj
                0x00000000080008c8                HAL_CAN_Init
 .text.HAL_NVIC_SetPriorityGrouping
                0x0000000008000a14       0x24 CMakeFiles/motor.elf.dir/Drivers/STM32F4xx_HAL_Driver/Src/stm32f4xx_hal_cortex.c.obj
                0x0000000008000a14                HAL_NVIC_SetPriorityGrouping
 .text.HAL_NVIC_SetPriority
                0x0000000008000a38       0x70 CMakeFiles/motor.elf.dir/Drivers/STM32F4xx_HAL_Driver/Src/stm32f4xx_hal_cortex.c.obj
                0x0000000008000a38                HAL_NVIC_SetPriority
 .text.HAL_NVIC_EnableIRQ
                0x0000000008000aa8       0x1c CMakeFiles/motor.elf.dir/Drivers/STM32F4xx_HAL_Driver/Src/stm32f4xx_hal_cortex.c.obj
                0x0000000008000aa8                HAL_NVIC_EnableIRQ
 .text.HAL_GPIO_Init
                0x0000000008000ac4      0x1d0 CMakeFiles/motor.elf.dir/Drivers/STM32F4xx_HAL_Driver/Src/stm32f4xx_hal_gpio.c.obj
                0x0000000008000ac4                HAL_GPIO_Init
 .text.HAL_RCC_OscConfig
                0x0000000008000c94      0x3ec CMakeFiles/motor.elf.dir/Drivers/STM32F4xx_HAL_Driver/Src/stm32f4xx_hal_rcc.c.obj
                0x0000000008000c94                HAL_RCC_OscConfig
 .text.HAL_RCC_GetSysClockFreq
                0x0000000008001080       0xa8 CMakeFiles/motor.elf.dir/Drivers/STM32F4xx_HAL_Driver/Src/stm32f4xx_hal_rcc.c.obj
                0x0000000008001080                HAL_RCC_GetSysClockFreq
 .text.HAL_RCC_ClockConfig
                0x0000000008001128      0x160 CMakeFiles/motor.elf.dir/Drivers/STM32F4xx_HAL_Driver/Src/stm32f4xx_hal_rcc.c.obj
                0x0000000008001128                HAL_RCC_ClockConfig
 .text.HAL_RCC_GetHCLKFreq
                0x0000000008001288        0xc CMakeFiles/motor.elf.dir/Drivers/STM32F4xx_HAL_Driver/Src/stm32f4xx_hal_rcc.c.obj
                0x0000000008001288                HAL_RCC_GetHCLKFreq
 .text.HAL_RCC_GetPCLK1Freq
                0x0000000008001294       0x20 CMakeFiles/motor.elf.dir/Drivers/STM32F4xx_HAL_Driver/Src/stm32f4xx_hal_rcc.c.obj
                0x0000000008001294                HAL_RCC_GetPCLK1Freq
 .text.HAL_RCC_GetClockConfig
                0x00000000080012b4       0x3c CMakeFiles/motor.elf.dir/Drivers/STM32F4xx_HAL_Driver/Src/stm32f4xx_hal_rcc.c.obj
                0x00000000080012b4                HAL_RCC_GetClockConfig
 .text.HAL_TIM_Base_MspInit
                0x00000000080012f0        0x2 CMakeFiles/motor.elf.dir/Drivers/STM32F4xx_HAL_Driver/Src/stm32f4xx_hal_tim.c.obj
                0x00000000080012f0                HAL_TIM_Base_MspInit
 .text.HAL_TIM_Base_Start_IT
                0x00000000080012f2       0x22 CMakeFiles/motor.elf.dir/Drivers/STM32F4xx_HAL_Driver/Src/stm32f4xx_hal_tim.c.obj
                0x00000000080012f2                HAL_TIM_Base_Start_IT
 .text.HAL_TIM_OC_DelayElapsedCallback
                0x0000000008001314        0x2 CMakeFiles/motor.elf.dir/Drivers/STM32F4xx_HAL_Driver/Src/stm32f4xx_hal_tim.c.obj
                0x0000000008001314                HAL_TIM_OC_DelayElapsedCallback
 .text.HAL_TIM_IC_CaptureCallback
                0x0000000008001316        0x2 CMakeFiles/motor.elf.dir/Drivers/STM32F4xx_HAL_Driver/Src/stm32f4xx_hal_tim.c.obj
                0x0000000008001316                HAL_TIM_IC_CaptureCallback
 .text.HAL_TIM_PWM_PulseFinishedCallback
                0x0000000008001318        0x2 CMakeFiles/motor.elf.dir/Drivers/STM32F4xx_HAL_Driver/Src/stm32f4xx_hal_tim.c.obj
                0x0000000008001318                HAL_TIM_PWM_PulseFinishedCallback
 .text.HAL_TIM_TriggerCallback
                0x000000000800131a        0x2 CMakeFiles/motor.elf.dir/Drivers/STM32F4xx_HAL_Driver/Src/stm32f4xx_hal_tim.c.obj
                0x000000000800131a                HAL_TIM_TriggerCallback
 .text.HAL_TIM_IRQHandler
                0x000000000800131c      0x17a CMakeFiles/motor.elf.dir/Drivers/STM32F4xx_HAL_Driver/Src/stm32f4xx_hal_tim.c.obj
                0x000000000800131c                HAL_TIM_IRQHandler
 *fill*         0x0000000008001496        0x2 
 .text.TIM_Base_SetConfig
                0x0000000008001498       0xc8 CMakeFiles/motor.elf.dir/Drivers/STM32F4xx_HAL_Driver/Src/stm32f4xx_hal_tim.c.obj
                0x0000000008001498                TIM_Base_SetConfig
 .text.HAL_TIM_Base_Init
                0x0000000008001560       0x34 CMakeFiles/motor.elf.dir/Drivers/STM32F4xx_HAL_Driver/Src/stm32f4xx_hal_tim.c.obj
                0x0000000008001560                HAL_TIM_Base_Init
 .text.HAL_TIMEx_CommutCallback
                0x0000000008001594        0x2 CMakeFiles/motor.elf.dir/Drivers/STM32F4xx_HAL_Driver/Src/stm32f4xx_hal_tim_ex.c.obj
                0x0000000008001594                HAL_TIMEx_CommutCallback
 .text.HAL_TIMEx_BreakCallback
                0x0000000008001596        0x2 CMakeFiles/motor.elf.dir/Drivers/STM32F4xx_HAL_Driver/Src/stm32f4xx_hal_tim_ex.c.obj
                0x0000000008001596                HAL_TIMEx_BreakCallback
 .text.makeFreeRtosPriority
                0x0000000008001598        0xc CMakeFiles/motor.elf.dir/Middlewares/Third_Party/FreeRTOS/Source/CMSIS_RTOS/cmsis_os.c.obj
 .text.osKernelStart
                0x00000000080015a4        0xa CMakeFiles/motor.elf.dir/Middlewares/Third_Party/FreeRTOS/Source/CMSIS_RTOS/cmsis_os.c.obj
                0x00000000080015a4                osKernelStart
 .text.osThreadCreate
                0x00000000080015ae       0x66 CMakeFiles/motor.elf.dir/Middlewares/Third_Party/FreeRTOS/Source/CMSIS_RTOS/cmsis_os.c.obj
                0x00000000080015ae                osThreadCreate
 .text.osDelay  0x0000000008001614        0xe CMakeFiles/motor.elf.dir/Middlewares/Third_Party/FreeRTOS/Source/CMSIS_RTOS/cmsis_os.c.obj
                0x0000000008001614                osDelay
 .text.vListInitialise
                0x0000000008001622       0x16 CMakeFiles/motor.elf.dir/Middlewares/Third_Party/FreeRTOS/Source/list.c.obj
                0x0000000008001622                vListInitialise
 .text.vListInitialiseItem
                0x0000000008001638        0x6 CMakeFiles/motor.elf.dir/Middlewares/Third_Party/FreeRTOS/Source/list.c.obj
                0x0000000008001638                vListInitialiseItem
 .text.vListInsertEnd
                0x000000000800163e       0x16 CMakeFiles/motor.elf.dir/Middlewares/Third_Party/FreeRTOS/Source/list.c.obj
                0x000000000800163e                vListInsertEnd
 .text.vListInsert
                0x0000000008001654       0x32 CMakeFiles/motor.elf.dir/Middlewares/Third_Party/FreeRTOS/Source/list.c.obj
                0x0000000008001654                vListInsert
 .text.uxListRemove
                0x0000000008001686       0x26 CMakeFiles/motor.elf.dir/Middlewares/Third_Party/FreeRTOS/Source/list.c.obj
                0x0000000008001686                uxListRemove
 .text.prvTaskExitError
                0x00000000080016ac       0x40 CMakeFiles/motor.elf.dir/Middlewares/Third_Party/FreeRTOS/Source/portable/GCC/ARM_CM4F/port.c.obj
 .text.prvPortStartFirstTask
                0x00000000080016ec       0x28 CMakeFiles/motor.elf.dir/Middlewares/Third_Party/FreeRTOS/Source/portable/GCC/ARM_CM4F/port.c.obj
 .text.vPortEnableVFP
                0x0000000008001714       0x14 CMakeFiles/motor.elf.dir/Middlewares/Third_Party/FreeRTOS/Source/portable/GCC/ARM_CM4F/port.c.obj
 .text.pxPortInitialiseStack
                0x0000000008001728       0x2c CMakeFiles/motor.elf.dir/Middlewares/Third_Party/FreeRTOS/Source/portable/GCC/ARM_CM4F/port.c.obj
                0x0000000008001728                pxPortInitialiseStack
 *fill*         0x0000000008001754        0xc 
 .text.SVC_Handler
                0x0000000008001760       0x24 CMakeFiles/motor.elf.dir/Middlewares/Third_Party/FreeRTOS/Source/portable/GCC/ARM_CM4F/port.c.obj
                0x0000000008001760                SVC_Handler
 .text.vPortEnterCritical
                0x0000000008001784       0x44 CMakeFiles/motor.elf.dir/Middlewares/Third_Party/FreeRTOS/Source/portable/GCC/ARM_CM4F/port.c.obj
                0x0000000008001784                vPortEnterCritical
 .text.vPortExitCritical
                0x00000000080017c8       0x2c CMakeFiles/motor.elf.dir/Middlewares/Third_Party/FreeRTOS/Source/portable/GCC/ARM_CM4F/port.c.obj
                0x00000000080017c8                vPortExitCritical
 *fill*         0x00000000080017f4        0xc 
 .text.PendSV_Handler
                0x0000000008001800       0x64 CMakeFiles/motor.elf.dir/Middlewares/Third_Party/FreeRTOS/Source/portable/GCC/ARM_CM4F/port.c.obj
                0x0000000008001800                PendSV_Handler
 .text.SysTick_Handler
                0x0000000008001864       0x2c CMakeFiles/motor.elf.dir/Middlewares/Third_Party/FreeRTOS/Source/portable/GCC/ARM_CM4F/port.c.obj
                0x0000000008001864                SysTick_Handler
 .text.vPortSetupTimerInterrupt
                0x0000000008001890       0x28 CMakeFiles/motor.elf.dir/Middlewares/Third_Party/FreeRTOS/Source/portable/GCC/ARM_CM4F/port.c.obj
                0x0000000008001890                vPortSetupTimerInterrupt
 .text.xPortStartScheduler
                0x00000000080018b8      0x118 CMakeFiles/motor.elf.dir/Middlewares/Third_Party/FreeRTOS/Source/portable/GCC/ARM_CM4F/port.c.obj
                0x00000000080018b8                xPortStartScheduler
 .text.prvHeapInit
                0x00000000080019d0       0x64 CMakeFiles/motor.elf.dir/Middlewares/Third_Party/FreeRTOS/Source/portable/MemMang/heap_4.c.obj
 .text.prvInsertBlockIntoFreeList
                0x0000000008001a34       0x64 CMakeFiles/motor.elf.dir/Middlewares/Third_Party/FreeRTOS/Source/portable/MemMang/heap_4.c.obj
 .text.pvPortMalloc
                0x0000000008001a98       0xf0 CMakeFiles/motor.elf.dir/Middlewares/Third_Party/FreeRTOS/Source/portable/MemMang/heap_4.c.obj
                0x0000000008001a98                pvPortMalloc
 .text.vPortFree
                0x0000000008001b88       0x70 CMakeFiles/motor.elf.dir/Middlewares/Third_Party/FreeRTOS/Source/portable/MemMang/heap_4.c.obj
                0x0000000008001b88                vPortFree
 .text.prvResetNextTaskUnblockTime
                0x0000000008001bf8       0x2c CMakeFiles/motor.elf.dir/Middlewares/Third_Party/FreeRTOS/Source/tasks.c.obj
 .text.prvInitialiseNewTask
                0x0000000008001c24       0x9c CMakeFiles/motor.elf.dir/Middlewares/Third_Party/FreeRTOS/Source/tasks.c.obj
 .text.prvInitialiseTaskLists
                0x0000000008001cc0       0x68 CMakeFiles/motor.elf.dir/Middlewares/Third_Party/FreeRTOS/Source/tasks.c.obj
 .text.prvAddNewTaskToReadyList
                0x0000000008001d28       0xa8 CMakeFiles/motor.elf.dir/Middlewares/Third_Party/FreeRTOS/Source/tasks.c.obj
 .text.prvDeleteTCB
                0x0000000008001dd0       0x38 CMakeFiles/motor.elf.dir/Middlewares/Third_Party/FreeRTOS/Source/tasks.c.obj
 .text.prvCheckTasksWaitingTermination
                0x0000000008001e08       0x4c CMakeFiles/motor.elf.dir/Middlewares/Third_Party/FreeRTOS/Source/tasks.c.obj
 .text.prvIdleTask
                0x0000000008001e54       0x28 CMakeFiles/motor.elf.dir/Middlewares/Third_Party/FreeRTOS/Source/tasks.c.obj
 .text.prvAddCurrentTaskToDelayedList
                0x0000000008001e7c       0x98 CMakeFiles/motor.elf.dir/Middlewares/Third_Party/FreeRTOS/Source/tasks.c.obj
 .text.xTaskCreateStatic
                0x0000000008001f14       0x76 CMakeFiles/motor.elf.dir/Middlewares/Third_Party/FreeRTOS/Source/tasks.c.obj
                0x0000000008001f14                xTaskCreateStatic
 .text.xTaskCreate
                0x0000000008001f8a       0x68 CMakeFiles/motor.elf.dir/Middlewares/Third_Party/FreeRTOS/Source/tasks.c.obj
                0x0000000008001f8a                xTaskCreate
 *fill*         0x0000000008001ff2        0x2 
 .text.vTaskStartScheduler
                0x0000000008001ff4       0x74 CMakeFiles/motor.elf.dir/Middlewares/Third_Party/FreeRTOS/Source/tasks.c.obj
                0x0000000008001ff4                vTaskStartScheduler
 .text.vTaskSuspendAll
                0x0000000008002068       0x10 CMakeFiles/motor.elf.dir/Middlewares/Third_Party/FreeRTOS/Source/tasks.c.obj
                0x0000000008002068                vTaskSuspendAll
 .text.xTaskIncrementTick
                0x0000000008002078      0x118 CMakeFiles/motor.elf.dir/Middlewares/Third_Party/FreeRTOS/Source/tasks.c.obj
                0x0000000008002078                xTaskIncrementTick
 .text.xTaskResumeAll
                0x0000000008002190       0xf8 CMakeFiles/motor.elf.dir/Middlewares/Third_Party/FreeRTOS/Source/tasks.c.obj
                0x0000000008002190                xTaskResumeAll
 .text.vTaskDelay
                0x0000000008002288       0x4c CMakeFiles/motor.elf.dir/Middlewares/Third_Party/FreeRTOS/Source/tasks.c.obj
                0x0000000008002288                vTaskDelay
 .text.vTaskSwitchContext
                0x00000000080022d4       0x98 CMakeFiles/motor.elf.dir/Middlewares/Third_Party/FreeRTOS/Source/tasks.c.obj
                0x00000000080022d4                vTaskSwitchContext
 .text.memset   0x000000000800236c       0x10 C:/ST/STM32CubeCLT/GNU-tools-for-STM32/bin/../lib/gcc/arm-none-eabi/11.3.1/../../../../arm-none-eabi/lib/thumb/v7e-m+fp/hard\libg.a(libc_a-memset.o)
                0x000000000800236c                memset
 .text.__libc_init_array
                0x000000000800237c       0x48 C:/ST/STM32CubeCLT/GNU-tools-for-STM32/bin/../lib/gcc/arm-none-eabi/11.3.1/../../../../arm-none-eabi/lib/thumb/v7e-m+fp/hard\libg.a(libc_a-init.o)
                0x000000000800237c                __libc_init_array
 .text.__retarget_lock_acquire_recursive
                0x00000000080023c4        0x2 C:/ST/STM32CubeCLT/GNU-tools-for-STM32/bin/../lib/gcc/arm-none-eabi/11.3.1/../../../../arm-none-eabi/lib/thumb/v7e-m+fp/hard\libg.a(libc_a-lock.o)
                0x00000000080023c4                __retarget_lock_acquire_recursive
 .text.__retarget_lock_release_recursive
                0x00000000080023c6        0x2 C:/ST/STM32CubeCLT/GNU-tools-for-STM32/bin/../lib/gcc/arm-none-eabi/11.3.1/../../../../arm-none-eabi/lib/thumb/v7e-m+fp/hard\libg.a(libc_a-lock.o)
                0x00000000080023c6                __retarget_lock_release_recursive
 .text.startup.register_fini
                0x00000000080023c8       0x14 C:/ST/STM32CubeCLT/GNU-tools-for-STM32/bin/../lib/gcc/arm-none-eabi/11.3.1/../../../../arm-none-eabi/lib/thumb/v7e-m+fp/hard\libg.a(libc_a-__call_atexit.o)
 .text.atexit   0x00000000080023dc        0xc C:/ST/STM32CubeCLT/GNU-tools-for-STM32/bin/../lib/gcc/arm-none-eabi/11.3.1/../../../../arm-none-eabi/lib/thumb/v7e-m+fp/hard\libg.a(libc_a-atexit.o)
                0x00000000080023dc                atexit
 .text.__libc_fini_array
                0x00000000080023e8       0x28 C:/ST/STM32CubeCLT/GNU-tools-for-STM32/bin/../lib/gcc/arm-none-eabi/11.3.1/../../../../arm-none-eabi/lib/thumb/v7e-m+fp/hard\libg.a(libc_a-fini.o)
                0x00000000080023e8                __libc_fini_array
 .text.__register_exitproc
                0x0000000008002410       0x80 C:/ST/STM32CubeCLT/GNU-tools-for-STM32/bin/../lib/gcc/arm-none-eabi/11.3.1/../../../../arm-none-eabi/lib/thumb/v7e-m+fp/hard\libg.a(libc_a-__atexit.o)
                0x0000000008002410                __register_exitproc
 *(.glue_7)
 .glue_7        0x0000000008002490        0x0 linker stubs
 *(.glue_7t)
 .glue_7t       0x0000000008002490        0x0 linker stubs
 *(.eh_frame)
 .eh_frame      0x0000000008002490        0x0 C:/ST/STM32CubeCLT/GNU-tools-for-STM32/bin/../lib/gcc/arm-none-eabi/11.3.1/thumb/v7e-m+fp/hard/crtbegin.o
 *(.init)
 .init          0x0000000008002490        0x4 C:/ST/STM32CubeCLT/GNU-tools-for-STM32/bin/../lib/gcc/arm-none-eabi/11.3.1/thumb/v7e-m+fp/hard/crti.o
                0x0000000008002490                _init
 .init          0x0000000008002494        0x8 C:/ST/STM32CubeCLT/GNU-tools-for-STM32/bin/../lib/gcc/arm-none-eabi/11.3.1/thumb/v7e-m+fp/hard/crtn.o
 *(.fini)
 .fini          0x000000000800249c        0x4 C:/ST/STM32CubeCLT/GNU-tools-for-STM32/bin/../lib/gcc/arm-none-eabi/11.3.1/thumb/v7e-m+fp/hard/crti.o
                0x000000000800249c                _fini
 .fini          0x00000000080024a0        0x8 C:/ST/STM32CubeCLT/GNU-tools-for-STM32/bin/../lib/gcc/arm-none-eabi/11.3.1/thumb/v7e-m+fp/hard/crtn.o
                0x00000000080024a8                . = ALIGN (0x4)
                0x00000000080024a8                _etext = .

.vfp11_veneer   0x00000000080024a8        0x0
 .vfp11_veneer  0x00000000080024a8        0x0 linker stubs

.v4_bx          0x00000000080024a8        0x0
 .v4_bx         0x00000000080024a8        0x0 linker stubs

.iplt           0x00000000080024a8        0x0
 .iplt          0x00000000080024a8        0x0 C:/ST/STM32CubeCLT/GNU-tools-for-STM32/bin/../lib/gcc/arm-none-eabi/11.3.1/thumb/v7e-m+fp/hard/crtbegin.o

.rodata         0x00000000080024a8       0x70
                0x00000000080024a8                . = ALIGN (0x4)
 *(.rodata)
 .rodata        0x00000000080024a8       0x38 CMakeFiles/motor.elf.dir/Core/Src/freertos.c.obj
 *(.rodata*)
 .rodata.str1.4
                0x00000000080024e0       0x18 CMakeFiles/motor.elf.dir/Core/Src/freertos.c.obj
 .rodata.AHBPrescTable
                0x00000000080024f8       0x10 CMakeFiles/motor.elf.dir/Core/Src/system_stm32f4xx.c.obj
                0x00000000080024f8                AHBPrescTable
 .rodata.APBPrescTable
                0x0000000008002508        0x8 CMakeFiles/motor.elf.dir/Core/Src/system_stm32f4xx.c.obj
                0x0000000008002508                APBPrescTable
 .rodata.vTaskStartScheduler.str1.4
                0x0000000008002510        0x5 CMakeFiles/motor.elf.dir/Middlewares/Third_Party/FreeRTOS/Source/tasks.c.obj
                0x0000000008002518                . = ALIGN (0x4)
 *fill*         0x0000000008002515        0x3 

.ARM.extab      0x0000000008002518        0x0
                0x0000000008002518                . = ALIGN (0x4)
 *(.ARM.extab* .gnu.linkonce.armextab.*)
                0x0000000008002518                . = ALIGN (0x4)

.ARM            0x0000000008002518        0x8
                0x0000000008002518                . = ALIGN (0x4)
                0x0000000008002518                __exidx_start = .
 *(.ARM.exidx*)
 .ARM.exidx     0x0000000008002518        0x8 C:/ST/STM32CubeCLT/GNU-tools-for-STM32/bin/../lib/gcc/arm-none-eabi/11.3.1/thumb/v7e-m+fp/hard\libgcc.a(_udivmoddi4.o)
                0x0000000008002520                __exidx_end = .
                0x0000000008002520                . = ALIGN (0x4)

.rel.dyn        0x0000000008002520        0x0
 .rel.iplt      0x0000000008002520        0x0 C:/ST/STM32CubeCLT/GNU-tools-for-STM32/bin/../lib/gcc/arm-none-eabi/11.3.1/thumb/v7e-m+fp/hard/crtbegin.o

.preinit_array  0x0000000008002520        0x0
                0x0000000008002520                . = ALIGN (0x4)
                0x0000000008002520                PROVIDE (__preinit_array_start = .)
 *(.preinit_array*)
                0x0000000008002520                PROVIDE (__preinit_array_end = .)
                0x0000000008002520                . = ALIGN (0x4)

.init_array     0x0000000008002520        0x8
                0x0000000008002520                . = ALIGN (0x4)
                0x0000000008002520                PROVIDE (__init_array_start = .)
 *(SORT_BY_NAME(.init_array.*))
 .init_array.00000
                0x0000000008002520        0x4 C:/ST/STM32CubeCLT/GNU-tools-for-STM32/bin/../lib/gcc/arm-none-eabi/11.3.1/../../../../arm-none-eabi/lib/thumb/v7e-m+fp/hard\libg.a(libc_a-__call_atexit.o)
 *(.init_array*)
 .init_array    0x0000000008002524        0x4 C:/ST/STM32CubeCLT/GNU-tools-for-STM32/bin/../lib/gcc/arm-none-eabi/11.3.1/thumb/v7e-m+fp/hard/crtbegin.o
                0x0000000008002528                PROVIDE (__init_array_end = .)
                0x0000000008002528                . = ALIGN (0x4)

.fini_array     0x0000000008002528        0x4
                0x0000000008002528                . = ALIGN (0x4)
                0x0000000008002528                PROVIDE (__fini_array_start = .)
 *(SORT_BY_NAME(.fini_array.*))
 *(.fini_array*)
 .fini_array    0x0000000008002528        0x4 C:/ST/STM32CubeCLT/GNU-tools-for-STM32/bin/../lib/gcc/arm-none-eabi/11.3.1/thumb/v7e-m+fp/hard/crtbegin.o
                0x000000000800252c                PROVIDE (__fini_array_end = .)
                0x000000000800252c                . = ALIGN (0x4)
                0x000000000800252c                _sidata = LOADADDR (.data)

.data           0x0000000020000000       0x14 load address 0x000000000800252c
                0x0000000020000000                . = ALIGN (0x4)
                0x0000000020000000                _sdata = .
 *(.data)
 *(.data*)
 .data.SystemCoreClock
                0x0000000020000000        0x4 CMakeFiles/motor.elf.dir/Core/Src/system_stm32f4xx.c.obj
                0x0000000020000000                SystemCoreClock
 .data.uwTickFreq
                0x0000000020000004        0x1 CMakeFiles/motor.elf.dir/Drivers/STM32F4xx_HAL_Driver/Src/stm32f4xx_hal.c.obj
                0x0000000020000004                uwTickFreq
 *fill*         0x0000000020000005        0x3 
 .data.uwTickPrio
                0x0000000020000008        0x4 CMakeFiles/motor.elf.dir/Drivers/STM32F4xx_HAL_Driver/Src/stm32f4xx_hal.c.obj
                0x0000000020000008                uwTickPrio
 .data.uxCriticalNesting
                0x000000002000000c        0x4 CMakeFiles/motor.elf.dir/Middlewares/Third_Party/FreeRTOS/Source/portable/GCC/ARM_CM4F/port.c.obj
 .data.__atexit_recursive_mutex
                0x0000000020000010        0x4 C:/ST/STM32CubeCLT/GNU-tools-for-STM32/bin/../lib/gcc/arm-none-eabi/11.3.1/../../../../arm-none-eabi/lib/thumb/v7e-m+fp/hard\libg.a(libc_a-__call_atexit.o)
                0x0000000020000010                __atexit_recursive_mutex
                0x0000000020000014                . = ALIGN (0x4)
                0x0000000020000014                _edata = .

.igot.plt       0x0000000020000014        0x0 load address 0x0000000008002540
 .igot.plt      0x0000000020000014        0x0 C:/ST/STM32CubeCLT/GNU-tools-for-STM32/bin/../lib/gcc/arm-none-eabi/11.3.1/thumb/v7e-m+fp/hard/crtbegin.o
                0x0000000020000014                . = ALIGN (0x4)

.bss            0x0000000020000014     0x41c8 load address 0x0000000008002540
                0x0000000020000014                _sbss = .
                0x0000000020000014                __bss_start__ = _sbss
 *(.bss)
 .bss           0x0000000020000014       0x1c C:/ST/STM32CubeCLT/GNU-tools-for-STM32/bin/../lib/gcc/arm-none-eabi/11.3.1/thumb/v7e-m+fp/hard/crtbegin.o
 *(.bss*)
 .bss.hcan1     0x0000000020000030       0x28 CMakeFiles/motor.elf.dir/Core/Src/can.c.obj
                0x0000000020000030                hcan1
 .bss.MotorTaskHandle
                0x0000000020000058        0x4 CMakeFiles/motor.elf.dir/Core/Src/freertos.c.obj
                0x0000000020000058                MotorTaskHandle
 .bss.defaultTaskHandle
                0x000000002000005c        0x4 CMakeFiles/motor.elf.dir/Core/Src/freertos.c.obj
                0x000000002000005c                defaultTaskHandle
 .bss.xIdleStack
                0x0000000020000060      0x200 CMakeFiles/motor.elf.dir/Core/Src/freertos.c.obj
 .bss.xIdleTaskTCBBuffer
                0x0000000020000260       0x54 CMakeFiles/motor.elf.dir/Core/Src/freertos.c.obj
 .bss.htim2     0x00000000200002b4       0x40 CMakeFiles/motor.elf.dir/Core/Src/stm32f4xx_hal_timebase_tim.c.obj
                0x00000000200002b4                htim2
 .bss.uwTick    0x00000000200002f4        0x4 CMakeFiles/motor.elf.dir/Drivers/STM32F4xx_HAL_Driver/Src/stm32f4xx_hal.c.obj
                0x00000000200002f4                uwTick
 .bss.ucMaxSysCallPriority
                0x00000000200002f8        0x1 CMakeFiles/motor.elf.dir/Middlewares/Third_Party/FreeRTOS/Source/portable/GCC/ARM_CM4F/port.c.obj
 *fill*         0x00000000200002f9        0x3 
 .bss.ulMaxPRIGROUPValue
                0x00000000200002fc        0x4 CMakeFiles/motor.elf.dir/Middlewares/Third_Party/FreeRTOS/Source/portable/GCC/ARM_CM4F/port.c.obj
 .bss.pxEnd     0x0000000020000300        0x4 CMakeFiles/motor.elf.dir/Middlewares/Third_Party/FreeRTOS/Source/portable/MemMang/heap_4.c.obj
 .bss.ucHeap    0x0000000020000304     0x3c00 CMakeFiles/motor.elf.dir/Middlewares/Third_Party/FreeRTOS/Source/portable/MemMang/heap_4.c.obj
 .bss.xBlockAllocatedBit
                0x0000000020003f04        0x4 CMakeFiles/motor.elf.dir/Middlewares/Third_Party/FreeRTOS/Source/portable/MemMang/heap_4.c.obj
 .bss.xFreeBytesRemaining
                0x0000000020003f08        0x4 CMakeFiles/motor.elf.dir/Middlewares/Third_Party/FreeRTOS/Source/portable/MemMang/heap_4.c.obj
 .bss.xMinimumEverFreeBytesRemaining
                0x0000000020003f0c        0x4 CMakeFiles/motor.elf.dir/Middlewares/Third_Party/FreeRTOS/Source/portable/MemMang/heap_4.c.obj
 .bss.xStart    0x0000000020003f10        0x8 CMakeFiles/motor.elf.dir/Middlewares/Third_Party/FreeRTOS/Source/portable/MemMang/heap_4.c.obj
 .bss.pxCurrentTCB
                0x0000000020003f18        0x4 CMakeFiles/motor.elf.dir/Middlewares/Third_Party/FreeRTOS/Source/tasks.c.obj
                0x0000000020003f18                pxCurrentTCB
 .bss.pxDelayedTaskList
                0x0000000020003f1c        0x4 CMakeFiles/motor.elf.dir/Middlewares/Third_Party/FreeRTOS/Source/tasks.c.obj
 .bss.pxOverflowDelayedTaskList
                0x0000000020003f20        0x4 CMakeFiles/motor.elf.dir/Middlewares/Third_Party/FreeRTOS/Source/tasks.c.obj
 .bss.pxReadyTasksLists
                0x0000000020003f24       0x8c CMakeFiles/motor.elf.dir/Middlewares/Third_Party/FreeRTOS/Source/tasks.c.obj
 .bss.uxCurrentNumberOfTasks
                0x0000000020003fb0        0x4 CMakeFiles/motor.elf.dir/Middlewares/Third_Party/FreeRTOS/Source/tasks.c.obj
 .bss.uxDeletedTasksWaitingCleanUp
                0x0000000020003fb4        0x4 CMakeFiles/motor.elf.dir/Middlewares/Third_Party/FreeRTOS/Source/tasks.c.obj
 .bss.uxPendedTicks
                0x0000000020003fb8        0x4 CMakeFiles/motor.elf.dir/Middlewares/Third_Party/FreeRTOS/Source/tasks.c.obj
 .bss.uxSchedulerSuspended
                0x0000000020003fbc        0x4 CMakeFiles/motor.elf.dir/Middlewares/Third_Party/FreeRTOS/Source/tasks.c.obj
 .bss.uxTaskNumber
                0x0000000020003fc0        0x4 CMakeFiles/motor.elf.dir/Middlewares/Third_Party/FreeRTOS/Source/tasks.c.obj
 .bss.uxTopReadyPriority
                0x0000000020003fc4        0x4 CMakeFiles/motor.elf.dir/Middlewares/Third_Party/FreeRTOS/Source/tasks.c.obj
 .bss.xDelayedTaskList1
                0x0000000020003fc8       0x14 CMakeFiles/motor.elf.dir/Middlewares/Third_Party/FreeRTOS/Source/tasks.c.obj
 .bss.xDelayedTaskList2
                0x0000000020003fdc       0x14 CMakeFiles/motor.elf.dir/Middlewares/Third_Party/FreeRTOS/Source/tasks.c.obj
 .bss.xIdleTaskHandle
                0x0000000020003ff0        0x4 CMakeFiles/motor.elf.dir/Middlewares/Third_Party/FreeRTOS/Source/tasks.c.obj
 .bss.xNextTaskUnblockTime
                0x0000000020003ff4        0x4 CMakeFiles/motor.elf.dir/Middlewares/Third_Party/FreeRTOS/Source/tasks.c.obj
 .bss.xNumOfOverflows
                0x0000000020003ff8        0x4 CMakeFiles/motor.elf.dir/Middlewares/Third_Party/FreeRTOS/Source/tasks.c.obj
 .bss.xPendingReadyList
                0x0000000020003ffc       0x14 CMakeFiles/motor.elf.dir/Middlewares/Third_Party/FreeRTOS/Source/tasks.c.obj
 .bss.xSchedulerRunning
                0x0000000020004010        0x4 CMakeFiles/motor.elf.dir/Middlewares/Third_Party/FreeRTOS/Source/tasks.c.obj
 .bss.xSuspendedTaskList
                0x0000000020004014       0x14 CMakeFiles/motor.elf.dir/Middlewares/Third_Party/FreeRTOS/Source/tasks.c.obj
 .bss.xTasksWaitingTermination
                0x0000000020004028       0x14 CMakeFiles/motor.elf.dir/Middlewares/Third_Party/FreeRTOS/Source/tasks.c.obj
 .bss.xTickCount
                0x000000002000403c        0x4 CMakeFiles/motor.elf.dir/Middlewares/Third_Party/FreeRTOS/Source/tasks.c.obj
 .bss.xYieldPending
                0x0000000020004040        0x4 CMakeFiles/motor.elf.dir/Middlewares/Third_Party/FreeRTOS/Source/tasks.c.obj
 .bss.__lock___atexit_recursive_mutex
                0x0000000020004044        0x1 C:/ST/STM32CubeCLT/GNU-tools-for-STM32/bin/../lib/gcc/arm-none-eabi/11.3.1/../../../../arm-none-eabi/lib/thumb/v7e-m+fp/hard\libg.a(libc_a-lock.o)
                0x0000000020004044                __lock___atexit_recursive_mutex
 *fill*         0x0000000020004045        0x3 
 .bss.__atexit  0x0000000020004048        0x4 C:/ST/STM32CubeCLT/GNU-tools-for-STM32/bin/../lib/gcc/arm-none-eabi/11.3.1/../../../../arm-none-eabi/lib/thumb/v7e-m+fp/hard\libg.a(libc_a-__call_atexit.o)
                0x0000000020004048                __atexit
 .bss.__atexit0
                0x000000002000404c      0x190 C:/ST/STM32CubeCLT/GNU-tools-for-STM32/bin/../lib/gcc/arm-none-eabi/11.3.1/../../../../arm-none-eabi/lib/thumb/v7e-m+fp/hard\libg.a(libc_a-__atexit.o)
                0x000000002000404c                __atexit0
 *(COMMON)
                0x00000000200041dc                . = ALIGN (0x4)
                0x00000000200041dc                _ebss = .
                0x00000000200041dc                __bss_end__ = _ebss

._user_heap_stack
                0x00000000200041dc      0x604 load address 0x0000000008002540
                0x00000000200041e0                . = ALIGN (0x8)
 *fill*         0x00000000200041dc        0x4 
                [!provide]                        PROVIDE (end = .)
                0x00000000200041e0                PROVIDE (_end = .)
                0x00000000200043e0                . = (. + _Min_Heap_Size)
 *fill*         0x00000000200041e0      0x200 
                0x00000000200047e0                . = (. + _Min_Stack_Size)
 *fill*         0x00000000200043e0      0x400 
                0x00000000200047e0                . = ALIGN (0x8)

/DISCARD/
 libc.a(*)
 libm.a(*)
 libgcc.a(*)

.ARM.attributes
                0x0000000000000000       0x30
 *(.ARM.attributes)
 .ARM.attributes
                0x0000000000000000       0x1e C:/ST/STM32CubeCLT/GNU-tools-for-STM32/bin/../lib/gcc/arm-none-eabi/11.3.1/thumb/v7e-m+fp/hard/crti.o
 .ARM.attributes
                0x000000000000001e       0x34 C:/ST/STM32CubeCLT/GNU-tools-for-STM32/bin/../lib/gcc/arm-none-eabi/11.3.1/thumb/v7e-m+fp/hard/crtbegin.o
 .ARM.attributes
                0x0000000000000052       0x34 CMakeFiles/motor.elf.dir/Core/Src/can.c.obj
 .ARM.attributes
                0x0000000000000086       0x34 CMakeFiles/motor.elf.dir/Core/Src/freertos.c.obj
 .ARM.attributes
                0x00000000000000ba       0x34 CMakeFiles/motor.elf.dir/Core/Src/gpio.c.obj
 .ARM.attributes
                0x00000000000000ee       0x34 CMakeFiles/motor.elf.dir/Core/Src/main.c.obj
 .ARM.attributes
                0x0000000000000122       0x34 CMakeFiles/motor.elf.dir/Core/Src/stm32f4xx_hal_msp.c.obj
 .ARM.attributes
                0x0000000000000156       0x34 CMakeFiles/motor.elf.dir/Core/Src/stm32f4xx_hal_timebase_tim.c.obj
 .ARM.attributes
                0x000000000000018a       0x34 CMakeFiles/motor.elf.dir/Core/Src/stm32f4xx_it.c.obj
 .ARM.attributes
                0x00000000000001be       0x34 CMakeFiles/motor.elf.dir/Core/Src/system_stm32f4xx.c.obj
 .ARM.attributes
                0x00000000000001f2       0x21 CMakeFiles/motor.elf.dir/Core/Startup/startup_stm32f407ighx.s.obj
 .ARM.attributes
                0x0000000000000213       0x34 CMakeFiles/motor.elf.dir/Drivers/STM32F4xx_HAL_Driver/Src/stm32f4xx_hal.c.obj
 .ARM.attributes
                0x0000000000000247       0x34 CMakeFiles/motor.elf.dir/Drivers/STM32F4xx_HAL_Driver/Src/stm32f4xx_hal_can.c.obj
 .ARM.attributes
                0x000000000000027b       0x34 CMakeFiles/motor.elf.dir/Drivers/STM32F4xx_HAL_Driver/Src/stm32f4xx_hal_cortex.c.obj
 .ARM.attributes
                0x00000000000002af       0x34 CMakeFiles/motor.elf.dir/Drivers/STM32F4xx_HAL_Driver/Src/stm32f4xx_hal_gpio.c.obj
 .ARM.attributes
                0x00000000000002e3       0x34 CMakeFiles/motor.elf.dir/Drivers/STM32F4xx_HAL_Driver/Src/stm32f4xx_hal_rcc.c.obj
 .ARM.attributes
                0x0000000000000317       0x34 CMakeFiles/motor.elf.dir/Drivers/STM32F4xx_HAL_Driver/Src/stm32f4xx_hal_tim.c.obj
 .ARM.attributes
                0x000000000000034b       0x34 CMakeFiles/motor.elf.dir/Drivers/STM32F4xx_HAL_Driver/Src/stm32f4xx_hal_tim_ex.c.obj
 .ARM.attributes
                0x000000000000037f       0x34 CMakeFiles/motor.elf.dir/Middlewares/Third_Party/FreeRTOS/Source/CMSIS_RTOS/cmsis_os.c.obj
 .ARM.attributes
                0x00000000000003b3       0x34 CMakeFiles/motor.elf.dir/Middlewares/Third_Party/FreeRTOS/Source/list.c.obj
 .ARM.attributes
                0x00000000000003e7       0x34 CMakeFiles/motor.elf.dir/Middlewares/Third_Party/FreeRTOS/Source/portable/GCC/ARM_CM4F/port.c.obj
 .ARM.attributes
                0x000000000000041b       0x34 CMakeFiles/motor.elf.dir/Middlewares/Third_Party/FreeRTOS/Source/portable/MemMang/heap_4.c.obj
 .ARM.attributes
                0x000000000000044f       0x34 CMakeFiles/motor.elf.dir/Middlewares/Third_Party/FreeRTOS/Source/tasks.c.obj
 .ARM.attributes
                0x0000000000000483       0x1e C:/ST/STM32CubeCLT/GNU-tools-for-STM32/bin/../lib/gcc/arm-none-eabi/11.3.1/thumb/v7e-m+fp/hard\libgcc.a(_aeabi_uldivmod.o)
 .ARM.attributes
                0x00000000000004a1       0x34 C:/ST/STM32CubeCLT/GNU-tools-for-STM32/bin/../lib/gcc/arm-none-eabi/11.3.1/thumb/v7e-m+fp/hard\libgcc.a(_udivmoddi4.o)
 .ARM.attributes
                0x00000000000004d5       0x1e C:/ST/STM32CubeCLT/GNU-tools-for-STM32/bin/../lib/gcc/arm-none-eabi/11.3.1/thumb/v7e-m+fp/hard\libgcc.a(_dvmd_tls.o)
 .ARM.attributes
                0x00000000000004f3       0x34 C:/ST/STM32CubeCLT/GNU-tools-for-STM32/bin/../lib/gcc/arm-none-eabi/11.3.1/../../../../arm-none-eabi/lib/thumb/v7e-m+fp/hard\libg.a(libc_a-memset.o)
 .ARM.attributes
                0x0000000000000527       0x34 C:/ST/STM32CubeCLT/GNU-tools-for-STM32/bin/../lib/gcc/arm-none-eabi/11.3.1/../../../../arm-none-eabi/lib/thumb/v7e-m+fp/hard\libg.a(libc_a-init.o)
 .ARM.attributes
                0x000000000000055b       0x34 C:/ST/STM32CubeCLT/GNU-tools-for-STM32/bin/../lib/gcc/arm-none-eabi/11.3.1/../../../../arm-none-eabi/lib/thumb/v7e-m+fp/hard\libg.a(libc_a-lock.o)
 .ARM.attributes
                0x000000000000058f       0x34 C:/ST/STM32CubeCLT/GNU-tools-for-STM32/bin/../lib/gcc/arm-none-eabi/11.3.1/../../../../arm-none-eabi/lib/thumb/v7e-m+fp/hard\libg.a(libc_a-__call_atexit.o)
 .ARM.attributes
                0x00000000000005c3       0x34 C:/ST/STM32CubeCLT/GNU-tools-for-STM32/bin/../lib/gcc/arm-none-eabi/11.3.1/../../../../arm-none-eabi/lib/thumb/v7e-m+fp/hard\libg.a(libc_a-atexit.o)
 .ARM.attributes
                0x00000000000005f7       0x34 C:/ST/STM32CubeCLT/GNU-tools-for-STM32/bin/../lib/gcc/arm-none-eabi/11.3.1/../../../../arm-none-eabi/lib/thumb/v7e-m+fp/hard\libg.a(libc_a-fini.o)
 .ARM.attributes
                0x000000000000062b       0x34 C:/ST/STM32CubeCLT/GNU-tools-for-STM32/bin/../lib/gcc/arm-none-eabi/11.3.1/../../../../arm-none-eabi/lib/thumb/v7e-m+fp/hard\libg.a(libc_a-__atexit.o)
 .ARM.attributes
                0x000000000000065f       0x1e C:/ST/STM32CubeCLT/GNU-tools-for-STM32/bin/../lib/gcc/arm-none-eabi/11.3.1/thumb/v7e-m+fp/hard/crtn.o
OUTPUT(motor.elf elf32-littlearm)
LOAD linker stubs
LOAD C:/ST/STM32CubeCLT/GNU-tools-for-STM32/bin/../lib/gcc/arm-none-eabi/11.3.1/../../../../arm-none-eabi/lib/thumb/v7e-m+fp/hard\libc.a
LOAD C:/ST/STM32CubeCLT/GNU-tools-for-STM32/bin/../lib/gcc/arm-none-eabi/11.3.1/../../../../arm-none-eabi/lib/thumb/v7e-m+fp/hard\libm.a
LOAD C:/ST/STM32CubeCLT/GNU-tools-for-STM32/bin/../lib/gcc/arm-none-eabi/11.3.1/thumb/v7e-m+fp/hard\libgcc.a

.comment        0x0000000000000000       0x43
 .comment       0x0000000000000000       0x43 C:/ST/STM32CubeCLT/GNU-tools-for-STM32/bin/../lib/gcc/arm-none-eabi/11.3.1/thumb/v7e-m+fp/hard/crtbegin.o
                                         0x44 (size before relaxing)
 .comment       0x0000000000000043       0x44 CMakeFiles/motor.elf.dir/Core/Src/can.c.obj
 .comment       0x0000000000000043       0x44 CMakeFiles/motor.elf.dir/Core/Src/freertos.c.obj
 .comment       0x0000000000000043       0x44 CMakeFiles/motor.elf.dir/Core/Src/gpio.c.obj
 .comment       0x0000000000000043       0x44 CMakeFiles/motor.elf.dir/Core/Src/main.c.obj
 .comment       0x0000000000000043       0x44 CMakeFiles/motor.elf.dir/Core/Src/stm32f4xx_hal_msp.c.obj
 .comment       0x0000000000000043       0x44 CMakeFiles/motor.elf.dir/Core/Src/stm32f4xx_hal_timebase_tim.c.obj
 .comment       0x0000000000000043       0x44 CMakeFiles/motor.elf.dir/Core/Src/stm32f4xx_it.c.obj
 .comment       0x0000000000000043       0x44 CMakeFiles/motor.elf.dir/Core/Src/system_stm32f4xx.c.obj
 .comment       0x0000000000000043       0x44 CMakeFiles/motor.elf.dir/Drivers/STM32F4xx_HAL_Driver/Src/stm32f4xx_hal.c.obj
 .comment       0x0000000000000043       0x44 CMakeFiles/motor.elf.dir/Drivers/STM32F4xx_HAL_Driver/Src/stm32f4xx_hal_can.c.obj
 .comment       0x0000000000000043       0x44 CMakeFiles/motor.elf.dir/Drivers/STM32F4xx_HAL_Driver/Src/stm32f4xx_hal_cortex.c.obj
 .comment       0x0000000000000043       0x44 CMakeFiles/motor.elf.dir/Drivers/STM32F4xx_HAL_Driver/Src/stm32f4xx_hal_gpio.c.obj
 .comment       0x0000000000000043       0x44 CMakeFiles/motor.elf.dir/Drivers/STM32F4xx_HAL_Driver/Src/stm32f4xx_hal_rcc.c.obj
 .comment       0x0000000000000043       0x44 CMakeFiles/motor.elf.dir/Drivers/STM32F4xx_HAL_Driver/Src/stm32f4xx_hal_tim.c.obj
 .comment       0x0000000000000043       0x44 CMakeFiles/motor.elf.dir/Drivers/STM32F4xx_HAL_Driver/Src/stm32f4xx_hal_tim_ex.c.obj
 .comment       0x0000000000000043       0x44 CMakeFiles/motor.elf.dir/Middlewares/Third_Party/FreeRTOS/Source/CMSIS_RTOS/cmsis_os.c.obj
 .comment       0x0000000000000043       0x44 CMakeFiles/motor.elf.dir/Middlewares/Third_Party/FreeRTOS/Source/list.c.obj
 .comment       0x0000000000000043       0x44 CMakeFiles/motor.elf.dir/Middlewares/Third_Party/FreeRTOS/Source/portable/GCC/ARM_CM4F/port.c.obj
 .comment       0x0000000000000043       0x44 CMakeFiles/motor.elf.dir/Middlewares/Third_Party/FreeRTOS/Source/portable/MemMang/heap_4.c.obj
 .comment       0x0000000000000043       0x44 CMakeFiles/motor.elf.dir/Middlewares/Third_Party/FreeRTOS/Source/tasks.c.obj
 .comment       0x0000000000000043       0x44 C:/ST/STM32CubeCLT/GNU-tools-for-STM32/bin/../lib/gcc/arm-none-eabi/11.3.1/../../../../arm-none-eabi/lib/thumb/v7e-m+fp/hard\libg.a(libc_a-memset.o)
 .comment       0x0000000000000043       0x44 C:/ST/STM32CubeCLT/GNU-tools-for-STM32/bin/../lib/gcc/arm-none-eabi/11.3.1/../../../../arm-none-eabi/lib/thumb/v7e-m+fp/hard\libg.a(libc_a-init.o)
 .comment       0x0000000000000043       0x44 C:/ST/STM32CubeCLT/GNU-tools-for-STM32/bin/../lib/gcc/arm-none-eabi/11.3.1/../../../../arm-none-eabi/lib/thumb/v7e-m+fp/hard\libg.a(libc_a-lock.o)
 .comment       0x0000000000000043       0x44 C:/ST/STM32CubeCLT/GNU-tools-for-STM32/bin/../lib/gcc/arm-none-eabi/11.3.1/../../../../arm-none-eabi/lib/thumb/v7e-m+fp/hard\libg.a(libc_a-__call_atexit.o)
 .comment       0x0000000000000043       0x44 C:/ST/STM32CubeCLT/GNU-tools-for-STM32/bin/../lib/gcc/arm-none-eabi/11.3.1/../../../../arm-none-eabi/lib/thumb/v7e-m+fp/hard\libg.a(libc_a-atexit.o)
 .comment       0x0000000000000043       0x44 C:/ST/STM32CubeCLT/GNU-tools-for-STM32/bin/../lib/gcc/arm-none-eabi/11.3.1/../../../../arm-none-eabi/lib/thumb/v7e-m+fp/hard\libg.a(libc_a-fini.o)
 .comment       0x0000000000000043       0x44 C:/ST/STM32CubeCLT/GNU-tools-for-STM32/bin/../lib/gcc/arm-none-eabi/11.3.1/../../../../arm-none-eabi/lib/thumb/v7e-m+fp/hard\libg.a(libc_a-__atexit.o)

.debug_info     0x0000000000000000    0x121a0
 .debug_info    0x0000000000000000      0x8ad CMakeFiles/motor.elf.dir/Core/Src/can.c.obj
 .debug_info    0x00000000000008ad      0x53f CMakeFiles/motor.elf.dir/Core/Src/freertos.c.obj
 .debug_info    0x0000000000000dec      0x280 CMakeFiles/motor.elf.dir/Core/Src/gpio.c.obj
 .debug_info    0x000000000000106c      0xb58 CMakeFiles/motor.elf.dir/Core/Src/main.c.obj
 .debug_info    0x0000000000001bc4      0x4d1 CMakeFiles/motor.elf.dir/Core/Src/stm32f4xx_hal_msp.c.obj
 .debug_info    0x0000000000002095      0xbb5 CMakeFiles/motor.elf.dir/Core/Src/stm32f4xx_hal_timebase_tim.c.obj
 .debug_info    0x0000000000002c4a      0x618 CMakeFiles/motor.elf.dir/Core/Src/stm32f4xx_it.c.obj
 .debug_info    0x0000000000003262      0x527 CMakeFiles/motor.elf.dir/Core/Src/system_stm32f4xx.c.obj
 .debug_info    0x0000000000003789       0x23 CMakeFiles/motor.elf.dir/Core/Startup/startup_stm32f407ighx.s.obj
 .debug_info    0x00000000000037ac      0x9e6 CMakeFiles/motor.elf.dir/Drivers/STM32F4xx_HAL_Driver/Src/stm32f4xx_hal.c.obj
 .debug_info    0x0000000000004192     0x11aa CMakeFiles/motor.elf.dir/Drivers/STM32F4xx_HAL_Driver/Src/stm32f4xx_hal_can.c.obj
 .debug_info    0x000000000000533c      0xf93 CMakeFiles/motor.elf.dir/Drivers/STM32F4xx_HAL_Driver/Src/stm32f4xx_hal_cortex.c.obj
 .debug_info    0x00000000000062cf      0x6f3 CMakeFiles/motor.elf.dir/Drivers/STM32F4xx_HAL_Driver/Src/stm32f4xx_hal_gpio.c.obj
 .debug_info    0x00000000000069c2      0xa6f CMakeFiles/motor.elf.dir/Drivers/STM32F4xx_HAL_Driver/Src/stm32f4xx_hal_rcc.c.obj
 .debug_info    0x0000000000007431     0x3449 CMakeFiles/motor.elf.dir/Drivers/STM32F4xx_HAL_Driver/Src/stm32f4xx_hal_tim.c.obj
 .debug_info    0x000000000000a87a     0x1607 CMakeFiles/motor.elf.dir/Drivers/STM32F4xx_HAL_Driver/Src/stm32f4xx_hal_tim_ex.c.obj
 .debug_info    0x000000000000be81     0x23f2 CMakeFiles/motor.elf.dir/Middlewares/Third_Party/FreeRTOS/Source/CMSIS_RTOS/cmsis_os.c.obj
 .debug_info    0x000000000000e273      0x2bf CMakeFiles/motor.elf.dir/Middlewares/Third_Party/FreeRTOS/Source/list.c.obj
 .debug_info    0x000000000000e532      0x55a CMakeFiles/motor.elf.dir/Middlewares/Third_Party/FreeRTOS/Source/portable/GCC/ARM_CM4F/port.c.obj
 .debug_info    0x000000000000ea8c      0x452 CMakeFiles/motor.elf.dir/Middlewares/Third_Party/FreeRTOS/Source/portable/MemMang/heap_4.c.obj
 .debug_info    0x000000000000eede     0x2783 CMakeFiles/motor.elf.dir/Middlewares/Third_Party/FreeRTOS/Source/tasks.c.obj
 .debug_info    0x0000000000011661       0xe0 C:/ST/STM32CubeCLT/GNU-tools-for-STM32/bin/../lib/gcc/arm-none-eabi/11.3.1/../../../../arm-none-eabi/lib/thumb/v7e-m+fp/hard\libg.a(libc_a-memset.o)
 .debug_info    0x0000000000011741      0x10b C:/ST/STM32CubeCLT/GNU-tools-for-STM32/bin/../lib/gcc/arm-none-eabi/11.3.1/../../../../arm-none-eabi/lib/thumb/v7e-m+fp/hard\libg.a(libc_a-init.o)
 .debug_info    0x000000000001184c      0x20a C:/ST/STM32CubeCLT/GNU-tools-for-STM32/bin/../lib/gcc/arm-none-eabi/11.3.1/../../../../arm-none-eabi/lib/thumb/v7e-m+fp/hard\libg.a(libc_a-lock.o)
 .debug_info    0x0000000000011a56      0x2dc C:/ST/STM32CubeCLT/GNU-tools-for-STM32/bin/../lib/gcc/arm-none-eabi/11.3.1/../../../../arm-none-eabi/lib/thumb/v7e-m+fp/hard\libg.a(libc_a-__call_atexit.o)
 .debug_info    0x0000000000011d32      0x118 C:/ST/STM32CubeCLT/GNU-tools-for-STM32/bin/../lib/gcc/arm-none-eabi/11.3.1/../../../../arm-none-eabi/lib/thumb/v7e-m+fp/hard\libg.a(libc_a-atexit.o)
 .debug_info    0x0000000000011e4a       0xf7 C:/ST/STM32CubeCLT/GNU-tools-for-STM32/bin/../lib/gcc/arm-none-eabi/11.3.1/../../../../arm-none-eabi/lib/thumb/v7e-m+fp/hard\libg.a(libc_a-fini.o)
 .debug_info    0x0000000000011f41      0x25f C:/ST/STM32CubeCLT/GNU-tools-for-STM32/bin/../lib/gcc/arm-none-eabi/11.3.1/../../../../arm-none-eabi/lib/thumb/v7e-m+fp/hard\libg.a(libc_a-__atexit.o)

.debug_abbrev   0x0000000000000000     0x3378
 .debug_abbrev  0x0000000000000000      0x22f CMakeFiles/motor.elf.dir/Core/Src/can.c.obj
 .debug_abbrev  0x000000000000022f      0x184 CMakeFiles/motor.elf.dir/Core/Src/freertos.c.obj
 .debug_abbrev  0x00000000000003b3       0xd6 CMakeFiles/motor.elf.dir/Core/Src/gpio.c.obj
 .debug_abbrev  0x0000000000000489      0x24e CMakeFiles/motor.elf.dir/Core/Src/main.c.obj
 .debug_abbrev  0x00000000000006d7      0x120 CMakeFiles/motor.elf.dir/Core/Src/stm32f4xx_hal_msp.c.obj
 .debug_abbrev  0x00000000000007f7      0x220 CMakeFiles/motor.elf.dir/Core/Src/stm32f4xx_hal_timebase_tim.c.obj
 .debug_abbrev  0x0000000000000a17      0x186 CMakeFiles/motor.elf.dir/Core/Src/stm32f4xx_it.c.obj
 .debug_abbrev  0x0000000000000b9d      0x11e CMakeFiles/motor.elf.dir/Core/Src/system_stm32f4xx.c.obj
 .debug_abbrev  0x0000000000000cbb       0x12 CMakeFiles/motor.elf.dir/Core/Startup/startup_stm32f407ighx.s.obj
 .debug_abbrev  0x0000000000000ccd      0x23f CMakeFiles/motor.elf.dir/Drivers/STM32F4xx_HAL_Driver/Src/stm32f4xx_hal.c.obj
 .debug_abbrev  0x0000000000000f0c      0x26c CMakeFiles/motor.elf.dir/Drivers/STM32F4xx_HAL_Driver/Src/stm32f4xx_hal_can.c.obj
 .debug_abbrev  0x0000000000001178      0x376 CMakeFiles/motor.elf.dir/Drivers/STM32F4xx_HAL_Driver/Src/stm32f4xx_hal_cortex.c.obj
 .debug_abbrev  0x00000000000014ee      0x200 CMakeFiles/motor.elf.dir/Drivers/STM32F4xx_HAL_Driver/Src/stm32f4xx_hal_gpio.c.obj
 .debug_abbrev  0x00000000000016ee      0x2c6 CMakeFiles/motor.elf.dir/Drivers/STM32F4xx_HAL_Driver/Src/stm32f4xx_hal_rcc.c.obj
 .debug_abbrev  0x00000000000019b4      0x26a CMakeFiles/motor.elf.dir/Drivers/STM32F4xx_HAL_Driver/Src/stm32f4xx_hal_tim.c.obj
 .debug_abbrev  0x0000000000001c1e      0x266 CMakeFiles/motor.elf.dir/Drivers/STM32F4xx_HAL_Driver/Src/stm32f4xx_hal_tim_ex.c.obj
 .debug_abbrev  0x0000000000001e84      0x3e1 CMakeFiles/motor.elf.dir/Middlewares/Third_Party/FreeRTOS/Source/CMSIS_RTOS/cmsis_os.c.obj
 .debug_abbrev  0x0000000000002265      0x10a CMakeFiles/motor.elf.dir/Middlewares/Third_Party/FreeRTOS/Source/list.c.obj
 .debug_abbrev  0x000000000000236f      0x293 CMakeFiles/motor.elf.dir/Middlewares/Third_Party/FreeRTOS/Source/portable/GCC/ARM_CM4F/port.c.obj
 .debug_abbrev  0x0000000000002602      0x24b CMakeFiles/motor.elf.dir/Middlewares/Third_Party/FreeRTOS/Source/portable/MemMang/heap_4.c.obj
 .debug_abbrev  0x000000000000284d      0x38d CMakeFiles/motor.elf.dir/Middlewares/Third_Party/FreeRTOS/Source/tasks.c.obj
 .debug_abbrev  0x0000000000002bda       0x9e C:/ST/STM32CubeCLT/GNU-tools-for-STM32/bin/../lib/gcc/arm-none-eabi/11.3.1/../../../../arm-none-eabi/lib/thumb/v7e-m+fp/hard\libg.a(libc_a-memset.o)
 .debug_abbrev  0x0000000000002c78       0xc9 C:/ST/STM32CubeCLT/GNU-tools-for-STM32/bin/../lib/gcc/arm-none-eabi/11.3.1/../../../../arm-none-eabi/lib/thumb/v7e-m+fp/hard\libg.a(libc_a-init.o)
 .debug_abbrev  0x0000000000002d41      0x115 C:/ST/STM32CubeCLT/GNU-tools-for-STM32/bin/../lib/gcc/arm-none-eabi/11.3.1/../../../../arm-none-eabi/lib/thumb/v7e-m+fp/hard\libg.a(libc_a-lock.o)
 .debug_abbrev  0x0000000000002e56      0x20c C:/ST/STM32CubeCLT/GNU-tools-for-STM32/bin/../lib/gcc/arm-none-eabi/11.3.1/../../../../arm-none-eabi/lib/thumb/v7e-m+fp/hard\libg.a(libc_a-__call_atexit.o)
 .debug_abbrev  0x0000000000003062       0xc1 C:/ST/STM32CubeCLT/GNU-tools-for-STM32/bin/../lib/gcc/arm-none-eabi/11.3.1/../../../../arm-none-eabi/lib/thumb/v7e-m+fp/hard\libg.a(libc_a-atexit.o)
 .debug_abbrev  0x0000000000003123       0xcc C:/ST/STM32CubeCLT/GNU-tools-for-STM32/bin/../lib/gcc/arm-none-eabi/11.3.1/../../../../arm-none-eabi/lib/thumb/v7e-m+fp/hard\libg.a(libc_a-fini.o)
 .debug_abbrev  0x00000000000031ef      0x189 C:/ST/STM32CubeCLT/GNU-tools-for-STM32/bin/../lib/gcc/arm-none-eabi/11.3.1/../../../../arm-none-eabi/lib/thumb/v7e-m+fp/hard\libg.a(libc_a-__atexit.o)

.debug_loclists
                0x0000000000000000     0x6917
 .debug_loclists
                0x0000000000000000       0x5c CMakeFiles/motor.elf.dir/Core/Src/can.c.obj
 .debug_loclists
                0x000000000000005c       0x3a CMakeFiles/motor.elf.dir/Core/Src/freertos.c.obj
 .debug_loclists
                0x0000000000000096       0x34 CMakeFiles/motor.elf.dir/Core/Src/main.c.obj
 .debug_loclists
                0x00000000000000ca       0x5f CMakeFiles/motor.elf.dir/Core/Src/stm32f4xx_hal_timebase_tim.c.obj
 .debug_loclists
                0x0000000000000129       0xdb CMakeFiles/motor.elf.dir/Core/Src/system_stm32f4xx.c.obj
 .debug_loclists
                0x0000000000000204       0xc9 CMakeFiles/motor.elf.dir/Drivers/STM32F4xx_HAL_Driver/Src/stm32f4xx_hal.c.obj
 .debug_loclists
                0x00000000000002cd      0x85c CMakeFiles/motor.elf.dir/Drivers/STM32F4xx_HAL_Driver/Src/stm32f4xx_hal_can.c.obj
 .debug_loclists
                0x0000000000000b29      0x4db CMakeFiles/motor.elf.dir/Drivers/STM32F4xx_HAL_Driver/Src/stm32f4xx_hal_cortex.c.obj
 .debug_loclists
                0x0000000000001004      0x349 CMakeFiles/motor.elf.dir/Drivers/STM32F4xx_HAL_Driver/Src/stm32f4xx_hal_gpio.c.obj
 .debug_loclists
                0x000000000000134d      0x3a9 CMakeFiles/motor.elf.dir/Drivers/STM32F4xx_HAL_Driver/Src/stm32f4xx_hal_rcc.c.obj
 .debug_loclists
                0x00000000000016f6     0x2464 CMakeFiles/motor.elf.dir/Drivers/STM32F4xx_HAL_Driver/Src/stm32f4xx_hal_tim.c.obj
 .debug_loclists
                0x0000000000003b5a      0xb21 CMakeFiles/motor.elf.dir/Drivers/STM32F4xx_HAL_Driver/Src/stm32f4xx_hal_tim_ex.c.obj
 .debug_loclists
                0x000000000000467b      0xb46 CMakeFiles/motor.elf.dir/Middlewares/Third_Party/FreeRTOS/Source/CMSIS_RTOS/cmsis_os.c.obj
 .debug_loclists
                0x00000000000051c1       0x6f CMakeFiles/motor.elf.dir/Middlewares/Third_Party/FreeRTOS/Source/list.c.obj
 .debug_loclists
                0x0000000000005230       0xbb CMakeFiles/motor.elf.dir/Middlewares/Third_Party/FreeRTOS/Source/portable/GCC/ARM_CM4F/port.c.obj
 .debug_loclists
                0x00000000000052eb      0x1fd CMakeFiles/motor.elf.dir/Middlewares/Third_Party/FreeRTOS/Source/portable/MemMang/heap_4.c.obj
 .debug_loclists
                0x00000000000054e8     0x1192 CMakeFiles/motor.elf.dir/Middlewares/Third_Party/FreeRTOS/Source/tasks.c.obj
 .debug_loclists
                0x000000000000667a       0x47 C:/ST/STM32CubeCLT/GNU-tools-for-STM32/bin/../lib/gcc/arm-none-eabi/11.3.1/../../../../arm-none-eabi/lib/thumb/v7e-m+fp/hard\libg.a(libc_a-memset.o)
 .debug_loclists
                0x00000000000066c1       0x44 C:/ST/STM32CubeCLT/GNU-tools-for-STM32/bin/../lib/gcc/arm-none-eabi/11.3.1/../../../../arm-none-eabi/lib/thumb/v7e-m+fp/hard\libg.a(libc_a-init.o)
 .debug_loclists
                0x0000000000006705       0x23 C:/ST/STM32CubeCLT/GNU-tools-for-STM32/bin/../lib/gcc/arm-none-eabi/11.3.1/../../../../arm-none-eabi/lib/thumb/v7e-m+fp/hard\libg.a(libc_a-lock.o)
 .debug_loclists
                0x0000000000006728       0xfc C:/ST/STM32CubeCLT/GNU-tools-for-STM32/bin/../lib/gcc/arm-none-eabi/11.3.1/../../../../arm-none-eabi/lib/thumb/v7e-m+fp/hard\libg.a(libc_a-__call_atexit.o)
 .debug_loclists
                0x0000000000006824       0x2a C:/ST/STM32CubeCLT/GNU-tools-for-STM32/bin/../lib/gcc/arm-none-eabi/11.3.1/../../../../arm-none-eabi/lib/thumb/v7e-m+fp/hard\libg.a(libc_a-atexit.o)
 .debug_loclists
                0x000000000000684e       0x3b C:/ST/STM32CubeCLT/GNU-tools-for-STM32/bin/../lib/gcc/arm-none-eabi/11.3.1/../../../../arm-none-eabi/lib/thumb/v7e-m+fp/hard\libg.a(libc_a-fini.o)
 .debug_loclists
                0x0000000000006889       0x8e C:/ST/STM32CubeCLT/GNU-tools-for-STM32/bin/../lib/gcc/arm-none-eabi/11.3.1/../../../../arm-none-eabi/lib/thumb/v7e-m+fp/hard\libg.a(libc_a-__atexit.o)

.debug_aranges  0x0000000000000000      0xfd8
 .debug_aranges
                0x0000000000000000       0x30 CMakeFiles/motor.elf.dir/Core/Src/can.c.obj
 .debug_aranges
                0x0000000000000030       0x38 CMakeFiles/motor.elf.dir/Core/Src/freertos.c.obj
 .debug_aranges
                0x0000000000000068       0x20 CMakeFiles/motor.elf.dir/Core/Src/gpio.c.obj
 .debug_aranges
                0x0000000000000088       0x38 CMakeFiles/motor.elf.dir/Core/Src/main.c.obj
 .debug_aranges
                0x00000000000000c0       0x20 CMakeFiles/motor.elf.dir/Core/Src/stm32f4xx_hal_msp.c.obj
 .debug_aranges
                0x00000000000000e0       0x30 CMakeFiles/motor.elf.dir/Core/Src/stm32f4xx_hal_timebase_tim.c.obj
 .debug_aranges
                0x0000000000000110       0x50 CMakeFiles/motor.elf.dir/Core/Src/stm32f4xx_it.c.obj
 .debug_aranges
                0x0000000000000160       0x28 CMakeFiles/motor.elf.dir/Core/Src/system_stm32f4xx.c.obj
 .debug_aranges
                0x0000000000000188       0x28 CMakeFiles/motor.elf.dir/Core/Startup/startup_stm32f407ighx.s.obj
 .debug_aranges
                0x00000000000001b0       0xf0 CMakeFiles/motor.elf.dir/Drivers/STM32F4xx_HAL_Driver/Src/stm32f4xx_hal.c.obj
 .debug_aranges
                0x00000000000002a0      0x138 CMakeFiles/motor.elf.dir/Drivers/STM32F4xx_HAL_Driver/Src/stm32f4xx_hal_can.c.obj
 .debug_aranges
                0x00000000000003d8       0xa8 CMakeFiles/motor.elf.dir/Drivers/STM32F4xx_HAL_Driver/Src/stm32f4xx_hal_cortex.c.obj
 .debug_aranges
                0x0000000000000480       0x58 CMakeFiles/motor.elf.dir/Drivers/STM32F4xx_HAL_Driver/Src/stm32f4xx_hal_gpio.c.obj
 .debug_aranges
                0x00000000000004d8       0x88 CMakeFiles/motor.elf.dir/Drivers/STM32F4xx_HAL_Driver/Src/stm32f4xx_hal_rcc.c.obj
 .debug_aranges
                0x0000000000000560      0x3a8 CMakeFiles/motor.elf.dir/Drivers/STM32F4xx_HAL_Driver/Src/stm32f4xx_hal_tim.c.obj
 .debug_aranges
                0x0000000000000908      0x150 CMakeFiles/motor.elf.dir/Drivers/STM32F4xx_HAL_Driver/Src/stm32f4xx_hal_tim_ex.c.obj
 .debug_aranges
                0x0000000000000a58      0x1d8 CMakeFiles/motor.elf.dir/Middlewares/Third_Party/FreeRTOS/Source/CMSIS_RTOS/cmsis_os.c.obj
 .debug_aranges
                0x0000000000000c30       0x40 CMakeFiles/motor.elf.dir/Middlewares/Third_Party/FreeRTOS/Source/list.c.obj
 .debug_aranges
                0x0000000000000c70       0x80 CMakeFiles/motor.elf.dir/Middlewares/Third_Party/FreeRTOS/Source/portable/GCC/ARM_CM4F/port.c.obj
 .debug_aranges
                0x0000000000000cf0       0x50 CMakeFiles/motor.elf.dir/Middlewares/Third_Party/FreeRTOS/Source/portable/MemMang/heap_4.c.obj
 .debug_aranges
                0x0000000000000d40      0x1a8 CMakeFiles/motor.elf.dir/Middlewares/Third_Party/FreeRTOS/Source/tasks.c.obj
 .debug_aranges
                0x0000000000000ee8       0x20 C:/ST/STM32CubeCLT/GNU-tools-for-STM32/bin/../lib/gcc/arm-none-eabi/11.3.1/../../../../arm-none-eabi/lib/thumb/v7e-m+fp/hard\libg.a(libc_a-memset.o)
 .debug_aranges
                0x0000000000000f08       0x20 C:/ST/STM32CubeCLT/GNU-tools-for-STM32/bin/../lib/gcc/arm-none-eabi/11.3.1/../../../../arm-none-eabi/lib/thumb/v7e-m+fp/hard\libg.a(libc_a-init.o)
 .debug_aranges
                0x0000000000000f28       0x28 C:/ST/STM32CubeCLT/GNU-tools-for-STM32/bin/../lib/gcc/arm-none-eabi/11.3.1/../../../../arm-none-eabi/lib/thumb/v7e-m+fp/hard\libg.a(libc_a-lock.o)
 .debug_aranges
                0x0000000000000f50       0x28 C:/ST/STM32CubeCLT/GNU-tools-for-STM32/bin/../lib/gcc/arm-none-eabi/11.3.1/../../../../arm-none-eabi/lib/thumb/v7e-m+fp/hard\libg.a(libc_a-__call_atexit.o)
 .debug_aranges
                0x0000000000000f78       0x20 C:/ST/STM32CubeCLT/GNU-tools-for-STM32/bin/../lib/gcc/arm-none-eabi/11.3.1/../../../../arm-none-eabi/lib/thumb/v7e-m+fp/hard\libg.a(libc_a-atexit.o)
 .debug_aranges
                0x0000000000000f98       0x20 C:/ST/STM32CubeCLT/GNU-tools-for-STM32/bin/../lib/gcc/arm-none-eabi/11.3.1/../../../../arm-none-eabi/lib/thumb/v7e-m+fp/hard\libg.a(libc_a-fini.o)
 .debug_aranges
                0x0000000000000fb8       0x20 C:/ST/STM32CubeCLT/GNU-tools-for-STM32/bin/../lib/gcc/arm-none-eabi/11.3.1/../../../../arm-none-eabi/lib/thumb/v7e-m+fp/hard\libg.a(libc_a-__atexit.o)

.debug_rnglists
                0x0000000000000000      0xc68
 .debug_rnglists
                0x0000000000000000       0x1f CMakeFiles/motor.elf.dir/Core/Src/can.c.obj
 .debug_rnglists
                0x000000000000001f       0x25 CMakeFiles/motor.elf.dir/Core/Src/freertos.c.obj
 .debug_rnglists
                0x0000000000000044       0x13 CMakeFiles/motor.elf.dir/Core/Src/gpio.c.obj
 .debug_rnglists
                0x0000000000000057       0x26 CMakeFiles/motor.elf.dir/Core/Src/main.c.obj
 .debug_rnglists
                0x000000000000007d       0x13 CMakeFiles/motor.elf.dir/Core/Src/stm32f4xx_hal_msp.c.obj
 .debug_rnglists
                0x0000000000000090       0x1f CMakeFiles/motor.elf.dir/Core/Src/stm32f4xx_hal_timebase_tim.c.obj
 .debug_rnglists
                0x00000000000000af       0x37 CMakeFiles/motor.elf.dir/Core/Src/stm32f4xx_it.c.obj
 .debug_rnglists
                0x00000000000000e6       0x1a CMakeFiles/motor.elf.dir/Core/Src/system_stm32f4xx.c.obj
 .debug_rnglists
                0x0000000000000100       0x19 CMakeFiles/motor.elf.dir/Core/Startup/startup_stm32f407ighx.s.obj
 .debug_rnglists
                0x0000000000000119       0xaf CMakeFiles/motor.elf.dir/Drivers/STM32F4xx_HAL_Driver/Src/stm32f4xx_hal.c.obj
 .debug_rnglists
                0x00000000000001c8       0xea CMakeFiles/motor.elf.dir/Drivers/STM32F4xx_HAL_Driver/Src/stm32f4xx_hal_can.c.obj
 .debug_rnglists
                0x00000000000002b2       0xa9 CMakeFiles/motor.elf.dir/Drivers/STM32F4xx_HAL_Driver/Src/stm32f4xx_hal_cortex.c.obj
 .debug_rnglists
                0x000000000000035b       0x3f CMakeFiles/motor.elf.dir/Drivers/STM32F4xx_HAL_Driver/Src/stm32f4xx_hal_gpio.c.obj
 .debug_rnglists
                0x000000000000039a       0x75 CMakeFiles/motor.elf.dir/Drivers/STM32F4xx_HAL_Driver/Src/stm32f4xx_hal_rcc.c.obj
 .debug_rnglists
                0x000000000000040f      0x2d2 CMakeFiles/motor.elf.dir/Drivers/STM32F4xx_HAL_Driver/Src/stm32f4xx_hal_tim.c.obj
 .debug_rnglists
                0x00000000000006e1      0x101 CMakeFiles/motor.elf.dir/Drivers/STM32F4xx_HAL_Driver/Src/stm32f4xx_hal_tim_ex.c.obj
 .debug_rnglists
                0x00000000000007e2      0x15f CMakeFiles/motor.elf.dir/Middlewares/Third_Party/FreeRTOS/Source/CMSIS_RTOS/cmsis_os.c.obj
 .debug_rnglists
                0x0000000000000941       0x2b CMakeFiles/motor.elf.dir/Middlewares/Third_Party/FreeRTOS/Source/list.c.obj
 .debug_rnglists
                0x000000000000096c       0x69 CMakeFiles/motor.elf.dir/Middlewares/Third_Party/FreeRTOS/Source/portable/GCC/ARM_CM4F/port.c.obj
 .debug_rnglists
                0x00000000000009d5       0x38 CMakeFiles/motor.elf.dir/Middlewares/Third_Party/FreeRTOS/Source/portable/MemMang/heap_4.c.obj
 .debug_rnglists
                0x0000000000000a0d      0x1b8 CMakeFiles/motor.elf.dir/Middlewares/Third_Party/FreeRTOS/Source/tasks.c.obj
 .debug_rnglists
                0x0000000000000bc5       0x13 C:/ST/STM32CubeCLT/GNU-tools-for-STM32/bin/../lib/gcc/arm-none-eabi/11.3.1/../../../../arm-none-eabi/lib/thumb/v7e-m+fp/hard\libg.a(libc_a-memset.o)
 .debug_rnglists
                0x0000000000000bd8       0x13 C:/ST/STM32CubeCLT/GNU-tools-for-STM32/bin/../lib/gcc/arm-none-eabi/11.3.1/../../../../arm-none-eabi/lib/thumb/v7e-m+fp/hard\libg.a(libc_a-init.o)
 .debug_rnglists
                0x0000000000000beb       0x19 C:/ST/STM32CubeCLT/GNU-tools-for-STM32/bin/../lib/gcc/arm-none-eabi/11.3.1/../../../../arm-none-eabi/lib/thumb/v7e-m+fp/hard\libg.a(libc_a-lock.o)
 .debug_rnglists
                0x0000000000000c04       0x2a C:/ST/STM32CubeCLT/GNU-tools-for-STM32/bin/../lib/gcc/arm-none-eabi/11.3.1/../../../../arm-none-eabi/lib/thumb/v7e-m+fp/hard\libg.a(libc_a-__call_atexit.o)
 .debug_rnglists
                0x0000000000000c2e       0x13 C:/ST/STM32CubeCLT/GNU-tools-for-STM32/bin/../lib/gcc/arm-none-eabi/11.3.1/../../../../arm-none-eabi/lib/thumb/v7e-m+fp/hard\libg.a(libc_a-atexit.o)
 .debug_rnglists
                0x0000000000000c41       0x13 C:/ST/STM32CubeCLT/GNU-tools-for-STM32/bin/../lib/gcc/arm-none-eabi/11.3.1/../../../../arm-none-eabi/lib/thumb/v7e-m+fp/hard\libg.a(libc_a-fini.o)
 .debug_rnglists
                0x0000000000000c54       0x14 C:/ST/STM32CubeCLT/GNU-tools-for-STM32/bin/../lib/gcc/arm-none-eabi/11.3.1/../../../../arm-none-eabi/lib/thumb/v7e-m+fp/hard\libg.a(libc_a-__atexit.o)

.debug_line     0x0000000000000000     0xea07
 .debug_line    0x0000000000000000      0x3a8 CMakeFiles/motor.elf.dir/Core/Src/can.c.obj
 .debug_line    0x00000000000003a8      0x34b CMakeFiles/motor.elf.dir/Core/Src/freertos.c.obj
 .debug_line    0x00000000000006f3      0x1e1 CMakeFiles/motor.elf.dir/Core/Src/gpio.c.obj
 .debug_line    0x00000000000008d4      0x4be CMakeFiles/motor.elf.dir/Core/Src/main.c.obj
 .debug_line    0x0000000000000d92      0x248 CMakeFiles/motor.elf.dir/Core/Src/stm32f4xx_hal_msp.c.obj
 .debug_line    0x0000000000000fda      0x336 CMakeFiles/motor.elf.dir/Core/Src/stm32f4xx_hal_timebase_tim.c.obj
 .debug_line    0x0000000000001310      0x32e CMakeFiles/motor.elf.dir/Core/Src/stm32f4xx_it.c.obj
 .debug_line    0x000000000000163e      0x309 CMakeFiles/motor.elf.dir/Core/Src/system_stm32f4xx.c.obj
 .debug_line    0x0000000000001947       0x77 CMakeFiles/motor.elf.dir/Core/Startup/startup_stm32f407ighx.s.obj
 .debug_line    0x00000000000019be      0x639 CMakeFiles/motor.elf.dir/Drivers/STM32F4xx_HAL_Driver/Src/stm32f4xx_hal.c.obj
 .debug_line    0x0000000000001ff7     0x11ab CMakeFiles/motor.elf.dir/Drivers/STM32F4xx_HAL_Driver/Src/stm32f4xx_hal_can.c.obj
 .debug_line    0x00000000000031a2      0x84b CMakeFiles/motor.elf.dir/Drivers/STM32F4xx_HAL_Driver/Src/stm32f4xx_hal_cortex.c.obj
 .debug_line    0x00000000000039ed      0x763 CMakeFiles/motor.elf.dir/Drivers/STM32F4xx_HAL_Driver/Src/stm32f4xx_hal_gpio.c.obj
 .debug_line    0x0000000000004150      0xbba CMakeFiles/motor.elf.dir/Drivers/STM32F4xx_HAL_Driver/Src/stm32f4xx_hal_rcc.c.obj
 .debug_line    0x0000000000004d0a     0x3713 CMakeFiles/motor.elf.dir/Drivers/STM32F4xx_HAL_Driver/Src/stm32f4xx_hal_tim.c.obj
 .debug_line    0x000000000000841d     0x124e CMakeFiles/motor.elf.dir/Drivers/STM32F4xx_HAL_Driver/Src/stm32f4xx_hal_tim_ex.c.obj
 .debug_line    0x000000000000966b     0x131e CMakeFiles/motor.elf.dir/Middlewares/Third_Party/FreeRTOS/Source/CMSIS_RTOS/cmsis_os.c.obj
 .debug_line    0x000000000000a989      0x40a CMakeFiles/motor.elf.dir/Middlewares/Third_Party/FreeRTOS/Source/list.c.obj
 .debug_line    0x000000000000ad93      0x780 CMakeFiles/motor.elf.dir/Middlewares/Third_Party/FreeRTOS/Source/portable/GCC/ARM_CM4F/port.c.obj
 .debug_line    0x000000000000b513      0x6ef CMakeFiles/motor.elf.dir/Middlewares/Third_Party/FreeRTOS/Source/portable/MemMang/heap_4.c.obj
 .debug_line    0x000000000000bc02     0x238b CMakeFiles/motor.elf.dir/Middlewares/Third_Party/FreeRTOS/Source/tasks.c.obj
 .debug_line    0x000000000000df8d      0x17e C:/ST/STM32CubeCLT/GNU-tools-for-STM32/bin/../lib/gcc/arm-none-eabi/11.3.1/../../../../arm-none-eabi/lib/thumb/v7e-m+fp/hard\libg.a(libc_a-memset.o)
 .debug_line    0x000000000000e10b      0x188 C:/ST/STM32CubeCLT/GNU-tools-for-STM32/bin/../lib/gcc/arm-none-eabi/11.3.1/../../../../arm-none-eabi/lib/thumb/v7e-m+fp/hard\libg.a(libc_a-init.o)
 .debug_line    0x000000000000e293      0x103 C:/ST/STM32CubeCLT/GNU-tools-for-STM32/bin/../lib/gcc/arm-none-eabi/11.3.1/../../../../arm-none-eabi/lib/thumb/v7e-m+fp/hard\libg.a(libc_a-lock.o)
 .debug_line    0x000000000000e396      0x28a C:/ST/STM32CubeCLT/GNU-tools-for-STM32/bin/../lib/gcc/arm-none-eabi/11.3.1/../../../../arm-none-eabi/lib/thumb/v7e-m+fp/hard\libg.a(libc_a-__call_atexit.o)
 .debug_line    0x000000000000e620      0x102 C:/ST/STM32CubeCLT/GNU-tools-for-STM32/bin/../lib/gcc/arm-none-eabi/11.3.1/../../../../arm-none-eabi/lib/thumb/v7e-m+fp/hard\libg.a(libc_a-atexit.o)
 .debug_line    0x000000000000e722      0x140 C:/ST/STM32CubeCLT/GNU-tools-for-STM32/bin/../lib/gcc/arm-none-eabi/11.3.1/../../../../arm-none-eabi/lib/thumb/v7e-m+fp/hard\libg.a(libc_a-fini.o)
 .debug_line    0x000000000000e862      0x1a5 C:/ST/STM32CubeCLT/GNU-tools-for-STM32/bin/../lib/gcc/arm-none-eabi/11.3.1/../../../../arm-none-eabi/lib/thumb/v7e-m+fp/hard\libg.a(libc_a-__atexit.o)

.debug_str      0x0000000000000000     0x5c98
 .debug_str     0x0000000000000000      0x5f6 CMakeFiles/motor.elf.dir/Core/Src/can.c.obj
                                        0x67a (size before relaxing)
 .debug_str     0x00000000000005f6      0x413 CMakeFiles/motor.elf.dir/Core/Src/freertos.c.obj
                                        0x615 (size before relaxing)
 .debug_str     0x0000000000000a09       0x40 CMakeFiles/motor.elf.dir/Core/Src/gpio.c.obj
                                        0x2ec (size before relaxing)
 .debug_str     0x0000000000000a49      0x5bf CMakeFiles/motor.elf.dir/Core/Src/main.c.obj
                                        0xa31 (size before relaxing)
 .debug_str     0x0000000000001008      0x559 CMakeFiles/motor.elf.dir/Core/Src/stm32f4xx_hal_msp.c.obj
                                        0x805 (size before relaxing)
 .debug_str     0x0000000000001561      0x11f CMakeFiles/motor.elf.dir/Core/Src/stm32f4xx_hal_timebase_tim.c.obj
                                        0xd85 (size before relaxing)
 .debug_str     0x0000000000001680       0xc3 CMakeFiles/motor.elf.dir/Core/Src/stm32f4xx_it.c.obj
                                        0x691 (size before relaxing)
 .debug_str     0x0000000000001743       0xfb CMakeFiles/motor.elf.dir/Core/Src/system_stm32f4xx.c.obj
                                        0x3b2 (size before relaxing)
 .debug_str     0x000000000000183e       0x54 CMakeFiles/motor.elf.dir/Core/Startup/startup_stm32f407ighx.s.obj
                                         0x89 (size before relaxing)
 .debug_str     0x0000000000001892      0x327 CMakeFiles/motor.elf.dir/Drivers/STM32F4xx_HAL_Driver/Src/stm32f4xx_hal.c.obj
                                        0xba1 (size before relaxing)
 .debug_str     0x0000000000001bb9      0x58a CMakeFiles/motor.elf.dir/Drivers/STM32F4xx_HAL_Driver/Src/stm32f4xx_hal_can.c.obj
                                        0xa88 (size before relaxing)
 .debug_str     0x0000000000002143      0x451 CMakeFiles/motor.elf.dir/Drivers/STM32F4xx_HAL_Driver/Src/stm32f4xx_hal_cortex.c.obj
                                        0xc69 (size before relaxing)
 .debug_str     0x0000000000002594      0x176 CMakeFiles/motor.elf.dir/Drivers/STM32F4xx_HAL_Driver/Src/stm32f4xx_hal_gpio.c.obj
                                        0x51d (size before relaxing)
 .debug_str     0x000000000000270a      0x18e CMakeFiles/motor.elf.dir/Drivers/STM32F4xx_HAL_Driver/Src/stm32f4xx_hal_rcc.c.obj
                                        0x743 (size before relaxing)
 .debug_str     0x0000000000002898      0xe4c CMakeFiles/motor.elf.dir/Drivers/STM32F4xx_HAL_Driver/Src/stm32f4xx_hal_tim.c.obj
                                       0x151e (size before relaxing)
 .debug_str     0x00000000000036e4      0x532 CMakeFiles/motor.elf.dir/Drivers/STM32F4xx_HAL_Driver/Src/stm32f4xx_hal_tim_ex.c.obj
                                        0xd67 (size before relaxing)
 .debug_str     0x0000000000003c16      0xaff CMakeFiles/motor.elf.dir/Middlewares/Third_Party/FreeRTOS/Source/CMSIS_RTOS/cmsis_os.c.obj
                                       0x10c2 (size before relaxing)
 .debug_str     0x0000000000004715      0x159 CMakeFiles/motor.elf.dir/Middlewares/Third_Party/FreeRTOS/Source/list.c.obj
                                        0x33f (size before relaxing)
 .debug_str     0x000000000000486e      0x24d CMakeFiles/motor.elf.dir/Middlewares/Third_Party/FreeRTOS/Source/portable/GCC/ARM_CM4F/port.c.obj
                                        0x4bb (size before relaxing)
 .debug_str     0x0000000000004abb      0x201 CMakeFiles/motor.elf.dir/Middlewares/Third_Party/FreeRTOS/Source/portable/MemMang/heap_4.c.obj
                                        0x433 (size before relaxing)
 .debug_str     0x0000000000004cbc      0x8d9 CMakeFiles/motor.elf.dir/Middlewares/Third_Party/FreeRTOS/Source/tasks.c.obj
                                       0x1013 (size before relaxing)
 .debug_str     0x0000000000005595      0x169 C:/ST/STM32CubeCLT/GNU-tools-for-STM32/bin/../lib/gcc/arm-none-eabi/11.3.1/../../../../arm-none-eabi/lib/thumb/v7e-m+fp/hard\libg.a(libc_a-memset.o)
                                        0x20c (size before relaxing)
 .debug_str     0x00000000000056fe       0xb6 C:/ST/STM32CubeCLT/GNU-tools-for-STM32/bin/../lib/gcc/arm-none-eabi/11.3.1/../../../../arm-none-eabi/lib/thumb/v7e-m+fp/hard\libg.a(libc_a-init.o)
                                        0x26d (size before relaxing)
 .debug_str     0x00000000000057b4      0x266 C:/ST/STM32CubeCLT/GNU-tools-for-STM32/bin/../lib/gcc/arm-none-eabi/11.3.1/../../../../arm-none-eabi/lib/thumb/v7e-m+fp/hard\libg.a(libc_a-lock.o)
                                        0x37f (size before relaxing)
 .debug_str     0x0000000000005a1a      0x100 C:/ST/STM32CubeCLT/GNU-tools-for-STM32/bin/../lib/gcc/arm-none-eabi/11.3.1/../../../../arm-none-eabi/lib/thumb/v7e-m+fp/hard\libg.a(libc_a-__call_atexit.o)
                                        0x349 (size before relaxing)
 .debug_str     0x0000000000005b1a       0x9e C:/ST/STM32CubeCLT/GNU-tools-for-STM32/bin/../lib/gcc/arm-none-eabi/11.3.1/../../../../arm-none-eabi/lib/thumb/v7e-m+fp/hard\libg.a(libc_a-atexit.o)
                                        0x249 (size before relaxing)
 .debug_str     0x0000000000005bb8       0x7a C:/ST/STM32CubeCLT/GNU-tools-for-STM32/bin/../lib/gcc/arm-none-eabi/11.3.1/../../../../arm-none-eabi/lib/thumb/v7e-m+fp/hard\libg.a(libc_a-fini.o)
                                        0x243 (size before relaxing)
 .debug_str     0x0000000000005c32       0x66 C:/ST/STM32CubeCLT/GNU-tools-for-STM32/bin/../lib/gcc/arm-none-eabi/11.3.1/../../../../arm-none-eabi/lib/thumb/v7e-m+fp/hard\libg.a(libc_a-__atexit.o)
                                        0x320 (size before relaxing)

.debug_frame    0x0000000000000000     0x2858
 .debug_frame   0x0000000000000000       0x60 CMakeFiles/motor.elf.dir/Core/Src/can.c.obj
 .debug_frame   0x0000000000000060       0x70 CMakeFiles/motor.elf.dir/Core/Src/freertos.c.obj
 .debug_frame   0x00000000000000d0       0x28 CMakeFiles/motor.elf.dir/Core/Src/gpio.c.obj
 .debug_frame   0x00000000000000f8       0x70 CMakeFiles/motor.elf.dir/Core/Src/main.c.obj
 .debug_frame   0x0000000000000168       0x2c CMakeFiles/motor.elf.dir/Core/Src/stm32f4xx_hal_msp.c.obj
 .debug_frame   0x0000000000000194       0x50 CMakeFiles/motor.elf.dir/Core/Src/stm32f4xx_hal_timebase_tim.c.obj
 .debug_frame   0x00000000000001e4       0x88 CMakeFiles/motor.elf.dir/Core/Src/stm32f4xx_it.c.obj
 .debug_frame   0x000000000000026c       0x30 CMakeFiles/motor.elf.dir/Core/Src/system_stm32f4xx.c.obj
 .debug_frame   0x000000000000029c      0x1ec CMakeFiles/motor.elf.dir/Drivers/STM32F4xx_HAL_Driver/Src/stm32f4xx_hal.c.obj
 .debug_frame   0x0000000000000488      0x2d8 CMakeFiles/motor.elf.dir/Drivers/STM32F4xx_HAL_Driver/Src/stm32f4xx_hal_can.c.obj
 .debug_frame   0x0000000000000760      0x148 CMakeFiles/motor.elf.dir/Drivers/STM32F4xx_HAL_Driver/Src/stm32f4xx_hal_cortex.c.obj
 .debug_frame   0x00000000000008a8       0xd8 CMakeFiles/motor.elf.dir/Drivers/STM32F4xx_HAL_Driver/Src/stm32f4xx_hal_gpio.c.obj
 .debug_frame   0x0000000000000980      0x16c CMakeFiles/motor.elf.dir/Drivers/STM32F4xx_HAL_Driver/Src/stm32f4xx_hal_rcc.c.obj
 .debug_frame   0x0000000000000aec      0xa70 CMakeFiles/motor.elf.dir/Drivers/STM32F4xx_HAL_Driver/Src/stm32f4xx_hal_tim.c.obj
 .debug_frame   0x000000000000155c      0x3a8 CMakeFiles/motor.elf.dir/Drivers/STM32F4xx_HAL_Driver/Src/stm32f4xx_hal_tim_ex.c.obj
 .debug_frame   0x0000000000001904      0x58c CMakeFiles/motor.elf.dir/Middlewares/Third_Party/FreeRTOS/Source/CMSIS_RTOS/cmsis_os.c.obj
 .debug_frame   0x0000000000001e90       0x70 CMakeFiles/motor.elf.dir/Middlewares/Third_Party/FreeRTOS/Source/list.c.obj
 .debug_frame   0x0000000000001f00      0x110 CMakeFiles/motor.elf.dir/Middlewares/Third_Party/FreeRTOS/Source/portable/GCC/ARM_CM4F/port.c.obj
 .debug_frame   0x0000000000002010       0xb0 CMakeFiles/motor.elf.dir/Middlewares/Third_Party/FreeRTOS/Source/portable/MemMang/heap_4.c.obj
 .debug_frame   0x00000000000020c0      0x558 CMakeFiles/motor.elf.dir/Middlewares/Third_Party/FreeRTOS/Source/tasks.c.obj
 .debug_frame   0x0000000000002618       0x2c C:/ST/STM32CubeCLT/GNU-tools-for-STM32/bin/../lib/gcc/arm-none-eabi/11.3.1/thumb/v7e-m+fp/hard\libgcc.a(_aeabi_uldivmod.o)
 .debug_frame   0x0000000000002644       0x34 C:/ST/STM32CubeCLT/GNU-tools-for-STM32/bin/../lib/gcc/arm-none-eabi/11.3.1/thumb/v7e-m+fp/hard\libgcc.a(_udivmoddi4.o)
 .debug_frame   0x0000000000002678       0x20 C:/ST/STM32CubeCLT/GNU-tools-for-STM32/bin/../lib/gcc/arm-none-eabi/11.3.1/../../../../arm-none-eabi/lib/thumb/v7e-m+fp/hard\libg.a(libc_a-memset.o)
 .debug_frame   0x0000000000002698       0x2c C:/ST/STM32CubeCLT/GNU-tools-for-STM32/bin/../lib/gcc/arm-none-eabi/11.3.1/../../../../arm-none-eabi/lib/thumb/v7e-m+fp/hard\libg.a(libc_a-init.o)
 .debug_frame   0x00000000000026c4       0xb0 C:/ST/STM32CubeCLT/GNU-tools-for-STM32/bin/../lib/gcc/arm-none-eabi/11.3.1/../../../../arm-none-eabi/lib/thumb/v7e-m+fp/hard\libg.a(libc_a-lock.o)
 .debug_frame   0x0000000000002774       0x58 C:/ST/STM32CubeCLT/GNU-tools-for-STM32/bin/../lib/gcc/arm-none-eabi/11.3.1/../../../../arm-none-eabi/lib/thumb/v7e-m+fp/hard\libg.a(libc_a-__call_atexit.o)
 .debug_frame   0x00000000000027cc       0x20 C:/ST/STM32CubeCLT/GNU-tools-for-STM32/bin/../lib/gcc/arm-none-eabi/11.3.1/../../../../arm-none-eabi/lib/thumb/v7e-m+fp/hard\libg.a(libc_a-atexit.o)
 .debug_frame   0x00000000000027ec       0x38 C:/ST/STM32CubeCLT/GNU-tools-for-STM32/bin/../lib/gcc/arm-none-eabi/11.3.1/../../../../arm-none-eabi/lib/thumb/v7e-m+fp/hard\libg.a(libc_a-fini.o)
 .debug_frame   0x0000000000002824       0x34 C:/ST/STM32CubeCLT/GNU-tools-for-STM32/bin/../lib/gcc/arm-none-eabi/11.3.1/../../../../arm-none-eabi/lib/thumb/v7e-m+fp/hard\libg.a(libc_a-__atexit.o)

.debug_line_str
                0x0000000000000000       0x7d
 .debug_line_str
                0x0000000000000000       0x7d CMakeFiles/motor.elf.dir/Core/Startup/startup_stm32f407ighx.s.obj
                                         0x95 (size before relaxing)
